\BOOKMARK [0][-]{chapter*.2}{\376\377\000L\036\334\000I\000\040\000C\036\242\000M\000\040\001\240\000N}{}% 1
\BOOKMARK [0][-]{chapter*.3}{\376\377\000T\000\323\000M\000\040\000T\036\256\000T\000\040\001\020\036\322\000\040\000\301\000N}{}% 2
\BOOKMARK [0][-]{chapter*.7}{\376\377\000D\000A\000N\000H\000\040\000M\036\344\000C\000\040\000T\036\352\000\040\000V\000I\036\276\000T\000\040\000T\036\256\000T}{}% 3
\BOOKMARK [0][-]{chapter.1}{\376\377\000M\036\336\000\040\001\020\036\246\000U}{}% 4
\BOOKMARK [1][-]{section.1.1}{\376\377\000L\000\375\000\040\000d\000o\000\040\000l\036\361\000a\000\040\000c\000h\036\315\000n\000\040\001\021\036\301\000\040\000t\000\340\000i}{chapter.1}% 5
\BOOKMARK [1][-]{section.1.2}{\376\377\000M\036\345\000c\000\040\000t\000i\000\352\000u\000\040\000c\036\347\000a\000\040\001\021\036\301\000\040\000t\000\340\000i}{chapter.1}% 6
\BOOKMARK [1][-]{section.1.3}{\376\377\001\020\036\321\000i\000\040\000t\001\260\036\343\000n\000g\000\040\000v\000\340\000\040\000p\000h\036\241\000m\000\040\000v\000i\000\040\000n\000g\000h\000i\000\352\000n\000\040\000c\036\351\000u}{chapter.1}% 7
\BOOKMARK [1][-]{section.1.4}{\376\377\000P\000h\001\260\001\241\000n\000g\000\040\000p\000h\000\341\000p\000\040\000t\000h\036\361\000c\000\040\000h\000i\036\307\000n}{chapter.1}% 8
\BOOKMARK [1][-]{section.1.5}{\376\377\000B\036\321\000\040\000c\036\345\000c\000\040\000b\000\341\000o\000\040\000c\000\341\000o}{chapter.1}% 9
\BOOKMARK [0][-]{chapter.2}{\376\377\000T\036\324\000N\000G\000\040\000Q\000U\000A\000N\000\040\000V\000\300\000\040\000C\001\240\000\040\000S\036\336\000\040\000L\000\335\000\040\000T\000H\000U\000Y\036\276\000T}{}% 10
\BOOKMARK [1][-]{section.2.1}{\376\377\000T\036\325\000n\000g\000\040\000q\000u\000a\000n\000\040\000t\000h\000i\036\277\000t\000\040\000b\036\313\000\040\000p\000h\000\342\000n\000\040\000t\000\355\000c\000h\000\040\000m\036\241\000c\000h\000\040\000k\000h\000u\036\277\000c\000h\000\040\001\021\036\241\000i}{chapter.2}% 11
\BOOKMARK [1][-]{section.2.2}{\376\377\000C\000\341\000c\000\040\000t\000h\000\364\000n\000g\000\040\000s\036\321\000\040\001\021\000\341\000n\000h\000\040\000g\000i\000\341\000\040\000b\036\331\000\040\000k\000h\000u\036\277\000c\000h\000\040\001\021\036\241\000i}{chapter.2}% 12
\BOOKMARK [1][-]{section.2.3}{\376\377\000C\001\241\000\040\000s\036\337\000\040\000l\000\375\000\040\000t\000h\000u\000y\036\277\000t\000\040\000l\036\245\000y\000\040\000m\036\253\000u\000\040\000t\000\355\000n\000\040\000h\000i\036\307\000u}{chapter.2}% 13
\BOOKMARK [1][-]{section.2.4}{\376\377\001\020\036\267\000c\000\040\000t\000\355\000n\000h\000\040\000v\000\340\000\040\000s\000a\000i\000\040\000s\036\321\000\040\000c\036\347\000a\000\040\000A\000D\000C\000,\000\040\000D\000A\000C}{chapter.2}% 14
\BOOKMARK [1][-]{section.2.5}{\376\377\000P\000h\001\260\001\241\000n\000g\000\040\000p\000h\000\341\000p\000\040\001\021\000\341\000n\000h\000\040\000g\000i\000\341\000\040\000k\036\277\000t\000\040\000q\000u\036\243}{chapter.2}% 15
\BOOKMARK [0][-]{chapter.3}{\376\377\000T\000H\000I\036\276\000T\000\040\000K\036\276\000\040\000H\036\306\000\040\000T\000H\036\320\000N\000G}{}% 16
\BOOKMARK [1][-]{section.3.1}{\376\377\000Y\000\352\000u\000\040\000c\036\247\000u\000\040\000k\036\371\000\040\000t\000h\000u\036\255\000t}{chapter.3}% 17
\BOOKMARK [1][-]{section.3.2}{\376\377\000K\000i\036\277\000n\000\040\000t\000r\000\372\000c\000\040\000t\036\325\000n\000g\000\040\000t\000h\036\303}{chapter.3}% 18
\BOOKMARK [1][-]{section.3.3}{\376\377\000S\001\241\000\040\001\021\036\323\000\040\000n\000g\000u\000y\000\352\000n\000\040\000l\000\375\000\040\000c\000\341\000c\000\040\000k\000h\036\321\000i\000\040\000p\000h\036\247\000n\000\040\000c\036\351\000n\000g}{chapter.3}% 19
\BOOKMARK [1][-]{section.3.4}{\376\377\000T\000h\000i\036\277\000t\000\040\000k\036\277\000\040\000k\000h\036\321\000i\000\040\000p\000h\000\341\000t\000\040\000t\000\355\000n\000\040\000h\000i\036\307\000u}{chapter.3}% 20
\BOOKMARK [1][-]{section.3.5}{\376\377\000T\000h\000i\036\277\000t\000\040\000k\036\277\000\040\000k\000h\036\321\000i\000\040\000t\000h\000u\000\040\000t\000\355\000n\000\040\000h\000i\036\307\000u\000\040\000h\000a\000i\000\040\000k\000\352\000n\000h}{chapter.3}% 21
\BOOKMARK [1][-]{section.3.6}{\376\377\000M\036\241\000c\000h\000\040\001\021\000i\036\301\000u\000\040\000h\000\362\000a\000\040\000v\000\340\000\040\000l\036\361\000a\000\040\000c\000h\036\315\000n\000\040\000r\000a\000n\000g\000e}{chapter.3}% 22
\BOOKMARK [1][-]{section.3.7}{\376\377\000N\000g\000u\036\323\000n\000,\000\040\000k\036\277\000t\000\040\000n\036\321\000i\000\040\000v\000\340\000\040\000p\000h\000\342\000n\000\040\000b\036\325\000\040\000c\000h\000\342\000n}{chapter.3}% 23
\BOOKMARK [1][-]{section.3.8}{\376\377\000P\000C\000B\000\040\000v\000\340\000\040\000n\000g\000u\000y\000\352\000n\000\040\000m\036\253\000u\000\040\000p\000h\036\247\000n\000\040\000c\036\351\000n\000g}{chapter.3}% 24
\BOOKMARK [0][-]{chapter.4}{\376\377\000T\000H\000I\036\276\000T\000\040\000K\036\276\000\040\000F\000I\000R\000M\000W\000A\000R\000E\000\040\000V\000\300\000\040\000G\000I\000A\000O\000\040\000T\000H\036\350\000C\000\040\000T\000R\000U\000Y\036\300\000N\000\040\000T\000H\000\324\000N\000G}{}% 25
\BOOKMARK [1][-]{section.4.1}{\376\377\000K\000i\036\277\000n\000\040\000t\000r\000\372\000c\000\040\000f\000i\000r\000m\000w\000a\000r\000e\000\040\000S\000T\000M\0003\0002\000F\0001\0000\0003}{chapter.4}% 26
\BOOKMARK [1][-]{section.4.2}{\376\377\001\020\000i\036\301\000u\000\040\000k\000h\000i\036\303\000n\000\040\000M\000C\000P\0004\0008\0002\0002\000\040\000v\000\340\000\040\000A\000D\000S\0007\0008\0006\0001}{chapter.4}% 27
\BOOKMARK [1][-]{section.4.3}{\376\377\000T\000h\000u\000\040\000t\000h\036\255\000p\000,\000\040\000x\036\355\000\040\000l\000\375\000\040\000k\036\277\000t\000\040\000q\000u\036\243\000\040\000v\000\340\000\040\000c\000a\000l\000i\000b\000r\000a\000t\000i\000o\000n}{chapter.4}% 28
\BOOKMARK [1][-]{section.4.4}{\376\377\000U\000S\000B\000\040\000C\000D\000C\000\040\000v\000\340\000\040\000g\000i\000a\000o\000\040\000t\000h\036\351\000c\000\040\000l\036\307\000n\000h}{chapter.4}% 29
\BOOKMARK [1][-]{section.4.5}{\376\377\000G\000i\000a\000o\000\040\000t\000h\036\351\000c\000\040\000t\000r\000u\000y\036\301\000n\000\040\000d\036\357\000\040\000l\000i\036\307\000u\000\040\000n\000h\036\313\000\040\000p\000h\000\342\000n}{chapter.4}% 30
\BOOKMARK [1][-]{section.4.6}{\376\377\000T\000\340\000i\000\040\000n\000g\000u\000y\000\352\000n\000\040\000v\000\340\000\040\000c\000\341\000c\000\040\000c\000h\036\277\000\040\001\021\036\331\000\040\000k\000i\036\303\000m\000\040\000t\000h\036\355}{chapter.4}% 31
\BOOKMARK [0][-]{chapter.5}{\376\377\000T\000H\000I\036\276\000T\000\040\000K\036\276\000\040\036\350\000N\000G\000\040\000D\036\344\000N\000G\000\040\000D\000E\000S\000K\000T\000O\000P\000\040\000V\000\300\000\040\000X\036\354\000\040\000L\000\335\000\040\000T\000\315\000N\000\040\000H\000I\036\306\000U}{}% 32
\BOOKMARK [1][-]{section.5.1}{\376\377\000K\000i\036\277\000n\000\040\000t\000r\000\372\000c\000\040\036\351\000n\000g\000\040\000d\036\345\000n\000g\000\040\000S\000i\000g\000n\000a\000l\000\040\000A\000n\000a\000l\000y\000z\000e\000r\000\040\000P\000r\000o}{chapter.5}% 33
\BOOKMARK [1][-]{section.5.2}{\376\377\000G\000i\000a\000o\000\040\000d\000i\036\307\000n\000\040\000v\000\340\000\040\000l\000u\036\323\000n\000g\000\040\000g\000i\000a\000o\000\040\000t\000i\036\277\000p\000\040\000U\000S\000B}{chapter.5}% 34
\BOOKMARK [1][-]{section.5.3}{\376\377\000P\000h\000\342\000n\000\040\000t\000\355\000c\000h\000\040\001\021\000i\036\301\000u\000\040\000k\000i\036\307\000n\000\040\000l\036\245\000y\000\040\000m\036\253\000u\000\040\000v\000\340\000\040\000s\000a\000i\000\040\000s\036\321\000\040\000D\000A\000C}{chapter.5}% 35
\BOOKMARK [1][-]{section.5.4}{\376\377\000P\000h\000\342\000n\000\040\000t\000\355\000c\000h\000\040\000t\000\355\000n\000\040\000h\000i\036\307\000u\000\040\000C\000H\0001\000\040\000v\000\340\000\040\000C\000H\0002}{chapter.5}% 36
\BOOKMARK [1][-]{section.5.5}{\376\377\000P\000h\000\342\000n\000\040\000t\000\355\000c\000h\000\040\000D\000U\000T\000\040\000v\000\340\000\040\000P\000A\000S\000S\000/\000F\000A\000I\000L\000/\000W\000A\000R\000N\000I\000N\000G}{chapter.5}% 37
\BOOKMARK [1][-]{section.5.6}{\376\377\000C\000a\000l\000i\000b\000r\000a\000t\000i\000o\000n\000,\000\040\000s\000i\000m\000u\000l\000a\000t\000i\000o\000n\000\040\000v\000\340\000\040\000x\000u\036\245\000t\000\040\000d\036\357\000\040\000l\000i\036\307\000u}{chapter.5}% 38
\BOOKMARK [0][-]{chapter.6}{\376\377\000K\000I\036\302\000M\000\040\000N\000G\000H\000I\036\306\000M\000,\000\040\000K\036\276\000T\000\040\000Q\000U\036\242\000\040\000V\000\300\000\040\000T\000H\036\242\000O\000\040\000L\000U\036\254\000N}{}% 39
\BOOKMARK [1][-]{section.6.1}{\376\377\000C\036\245\000u\000\040\000h\000\354\000n\000h\000\040\000v\000\340\000\040\000p\000h\001\260\001\241\000n\000g\000\040\000p\000h\000\341\000p\000\040\000k\000i\036\303\000m\000\040\000n\000g\000h\000i\036\307\000m}{chapter.6}% 40
\BOOKMARK [2][-]{subsection.6.1.1}{\376\377\000M\000o\000d\000u\000l\000e\000\040\000D\000U\000T\000\040\000t\000h\036\355\000\040\000n\000g\000h\000i\036\307\000m}{section.6.1}% 41
\BOOKMARK [2][-]{subsection.6.1.2}{\376\377\000X\000\341\000c\000\040\000n\000h\036\255\000n\000\040\000c\000h\000u\036\327\000i\000\040\000D\000A\000C\040\023\000D\000U\000T\000\040\000b\036\261\000n\000g\000\040\000o\000s\000c\000i\000l\000l\000o\000s\000c\000o\000p\000e}{section.6.1}% 42
\BOOKMARK [1][-]{section.6.2}{\376\377\000K\000i\036\303\000m\000\040\000n\000g\000h\000i\036\307\000m\000\040\000U\000S\000B\000\040\000C\000D\000C}{chapter.6}% 43
\BOOKMARK [1][-]{section.6.3}{\376\377\000K\000i\036\303\000m\000\040\000n\000g\000h\000i\036\307\000m\000\040\001\021\000i\036\301\000u\000\040\000k\000i\036\307\000n\000\040\000l\036\245\000y\000\040\000m\036\253\000u}{chapter.6}% 44
\BOOKMARK [1][-]{section.6.4}{\376\377\000K\036\277\000t\000\040\000q\000u\036\243\000\040\000q\000u\000\351\000t\000\040\000t\036\247\000n\000\040\000s\036\321\000\040\000t\000r\000\352\000n\000\040\000p\000h\036\247\000n\000\040\000c\036\351\000n\000g\000\040\000t\000h\036\255\000t}{chapter.6}% 45
\BOOKMARK [1][-]{section.6.5}{\376\377\000K\036\277\000t\000\040\000q\000u\036\243\000\040\000t\000h\000a\000y\000\040\001\021\036\325\000i\000\040\000b\000i\000\352\000n\000\040\001\021\036\331\000\040\000v\000\340\000\040\000d\036\243\000i\000\040\001\021\000o}{chapter.6}% 46
\BOOKMARK [1][-]{section.6.6}{\376\377\000K\000i\036\303\000m\000\040\000n\000g\000h\000i\036\307\000m\000\040\000t\000h\000u\036\255\000t\000\040\000t\000o\000\341\000n\000\040\001\021\000o}{chapter.6}% 47
\BOOKMARK [1][-]{section.6.7}{\376\377\000K\000i\036\303\000m\000\040\000n\000g\000h\000i\036\307\000m\000\040\000q\000u\000\351\000t\000\040\000B\000o\000d\000e}{chapter.6}% 48
\BOOKMARK [1][-]{section.6.8}{\376\377\000P\000h\000\342\000n\000\040\000t\000\355\000c\000h\000\040\000s\000a\000i\000\040\000s\036\321}{chapter.6}% 49
\BOOKMARK [1][-]{section.6.9}{\376\377\000T\000h\036\243\000o\000\040\000l\000u\036\255\000n}{chapter.6}% 50
\BOOKMARK [0][-]{chapter.7}{\376\377\000K\036\276\000T\000\040\000L\000U\036\254\000N\000\040\000V\000\300\000\040\000H\001\257\036\332\000N\000G\000\040\000P\000H\000\301\000T\000\040\000T\000R\000I\036\302\000N}{}% 51
\BOOKMARK [1][-]{section.7.1}{\376\377\000K\036\277\000t\000\040\000l\000u\036\255\000n}{chapter.7}% 52
\BOOKMARK [1][-]{section.7.2}{\376\377\001\020\000\341\000n\000h\000\040\000g\000i\000\341\000\040\000m\036\351\000c\000\040\001\021\036\331\000\040\000h\000o\000\340\000n\000\040\000t\000h\000\340\000n\000h}{chapter.7}% 53
\BOOKMARK [1][-]{section.7.3}{\376\377\000H\036\241\000n\000\040\000c\000h\036\277\000\040\000c\036\347\000a\000\040\000h\036\307\000\040\000t\000h\036\321\000n\000g}{chapter.7}% 54
\BOOKMARK [1][-]{section.7.4}{\376\377\000H\001\260\036\333\000n\000g\000\040\000p\000h\000\341\000t\000\040\000t\000r\000i\036\303\000n}{chapter.7}% 55
\BOOKMARK [2][-]{subsection.7.4.1}{\376\377\000N\000\342\000n\000g\000\040\000c\036\245\000p\000\040\000n\036\301\000n\000\040\000t\036\243\000n\000g\000\040\000x\036\355\000\040\000l\000\375\000\040\001\021\036\303\000\040\000h\001\260\036\333\000n\000g\000\040\000t\036\333\000i\000\040\000s\000a\000i\000\040\000s\036\321\000\040\0001\000\045\000\040\000t\036\241\000i\000\040\0002\0000\000\040\000k\000H\000z}{section.7.4}% 56
\BOOKMARK [0][-]{table.caption.40}{\376\377\000T\000\300\000I\000\040\000L\000I\036\306\000U\000\040\000T\000H\000A\000M\000\040\000K\000H\036\242\000O}{}% 57
