Archive member included to satisfy reference by file (symbol)

D:/Duong/STM32/STM32CubeIDE_1.19.0/STM32CubeIDE/plugins/com.st.stm32cube.ide.mcu.externaltools.gnu-tools-for-stm32.13.3.rel1.win32_1.0.0.202411081344/tools/bin/../lib/gcc/arm-none-eabi/13.3.1/../../../../arm-none-eabi/lib/thumb/v7e-m+fp/hard\libc_nano.a(libc_a-exit.o)
                              D:/Duong/STM32/STM32CubeIDE_1.19.0/STM32CubeIDE/plugins/com.st.stm32cube.ide.mcu.externaltools.gnu-tools-for-stm32.13.3.rel1.win32_1.0.0.202411081344/tools/bin/../lib/gcc/arm-none-eabi/13.3.1/../../../../arm-none-eabi/lib/thumb/v7e-m+fp/hard/crt0.o (exit)
D:/Duong/STM32/STM32CubeIDE_1.19.0/STM32CubeIDE/plugins/com.st.stm32cube.ide.mcu.externaltools.gnu-tools-for-stm32.13.3.rel1.win32_1.0.0.202411081344/tools/bin/../lib/gcc/arm-none-eabi/13.3.1/../../../../arm-none-eabi/lib/thumb/v7e-m+fp/hard\libc_nano.a(libc_a-findfp.o)
                              D:/Duong/STM32/STM32CubeIDE_1.19.0/STM32CubeIDE/plugins/com.st.stm32cube.ide.mcu.externaltools.gnu-tools-for-stm32.13.3.rel1.win32_1.0.0.202411081344/tools/bin/../lib/gcc/arm-none-eabi/13.3.1/../../../../arm-none-eabi/lib/thumb/v7e-m+fp/hard\libc_nano.a(libc_a-exit.o) (__stdio_exit_handler)
D:/Duong/STM32/STM32CubeIDE_1.19.0/STM32CubeIDE/plugins/com.st.stm32cube.ide.mcu.externaltools.gnu-tools-for-stm32.13.3.rel1.win32_1.0.0.202411081344/tools/bin/../lib/gcc/arm-none-eabi/13.3.1/../../../../arm-none-eabi/lib/thumb/v7e-m+fp/hard\libc_nano.a(libc_a-fwalk.o)
                              D:/Duong/STM32/STM32CubeIDE_1.19.0/STM32CubeIDE/plugins/com.st.stm32cube.ide.mcu.externaltools.gnu-tools-for-stm32.13.3.rel1.win32_1.0.0.202411081344/tools/bin/../lib/gcc/arm-none-eabi/13.3.1/../../../../arm-none-eabi/lib/thumb/v7e-m+fp/hard\libc_nano.a(libc_a-findfp.o) (_fwalk_sglue)
D:/Duong/STM32/STM32CubeIDE_1.19.0/STM32CubeIDE/plugins/com.st.stm32cube.ide.mcu.externaltools.gnu-tools-for-stm32.13.3.rel1.win32_1.0.0.202411081344/tools/bin/../lib/gcc/arm-none-eabi/13.3.1/../../../../arm-none-eabi/lib/thumb/v7e-m+fp/hard\libc_nano.a(libc_a-stdio.o)
                              D:/Duong/STM32/STM32CubeIDE_1.19.0/STM32CubeIDE/plugins/com.st.stm32cube.ide.mcu.externaltools.gnu-tools-for-stm32.13.3.rel1.win32_1.0.0.202411081344/tools/bin/../lib/gcc/arm-none-eabi/13.3.1/../../../../arm-none-eabi/lib/thumb/v7e-m+fp/hard\libc_nano.a(libc_a-findfp.o) (__sread)
D:/Duong/STM32/STM32CubeIDE_1.19.0/STM32CubeIDE/plugins/com.st.stm32cube.ide.mcu.externaltools.gnu-tools-for-stm32.13.3.rel1.win32_1.0.0.202411081344/tools/bin/../lib/gcc/arm-none-eabi/13.3.1/../../../../arm-none-eabi/lib/thumb/v7e-m+fp/hard\libc_nano.a(libc_a-memset.o)
                              D:/Duong/STM32/STM32CubeIDE_1.19.0/STM32CubeIDE/plugins/com.st.stm32cube.ide.mcu.externaltools.gnu-tools-for-stm32.13.3.rel1.win32_1.0.0.202411081344/tools/bin/../lib/gcc/arm-none-eabi/13.3.1/../../../../arm-none-eabi/lib/thumb/v7e-m+fp/hard/crt0.o (memset)
D:/Duong/STM32/STM32CubeIDE_1.19.0/STM32CubeIDE/plugins/com.st.stm32cube.ide.mcu.externaltools.gnu-tools-for-stm32.13.3.rel1.win32_1.0.0.202411081344/tools/bin/../lib/gcc/arm-none-eabi/13.3.1/../../../../arm-none-eabi/lib/thumb/v7e-m+fp/hard\libc_nano.a(libc_a-closer.o)
                              D:/Duong/STM32/STM32CubeIDE_1.19.0/STM32CubeIDE/plugins/com.st.stm32cube.ide.mcu.externaltools.gnu-tools-for-stm32.13.3.rel1.win32_1.0.0.202411081344/tools/bin/../lib/gcc/arm-none-eabi/13.3.1/../../../../arm-none-eabi/lib/thumb/v7e-m+fp/hard\libc_nano.a(libc_a-stdio.o) (_close_r)
D:/Duong/STM32/STM32CubeIDE_1.19.0/STM32CubeIDE/plugins/com.st.stm32cube.ide.mcu.externaltools.gnu-tools-for-stm32.13.3.rel1.win32_1.0.0.202411081344/tools/bin/../lib/gcc/arm-none-eabi/13.3.1/../../../../arm-none-eabi/lib/thumb/v7e-m+fp/hard\libc_nano.a(libc_a-reent.o)
                              D:/Duong/STM32/STM32CubeIDE_1.19.0/STM32CubeIDE/plugins/com.st.stm32cube.ide.mcu.externaltools.gnu-tools-for-stm32.13.3.rel1.win32_1.0.0.202411081344/tools/bin/../lib/gcc/arm-none-eabi/13.3.1/../../../../arm-none-eabi/lib/thumb/v7e-m+fp/hard\libc_nano.a(libc_a-closer.o) (errno)
D:/Duong/STM32/STM32CubeIDE_1.19.0/STM32CubeIDE/plugins/com.st.stm32cube.ide.mcu.externaltools.gnu-tools-for-stm32.13.3.rel1.win32_1.0.0.202411081344/tools/bin/../lib/gcc/arm-none-eabi/13.3.1/../../../../arm-none-eabi/lib/thumb/v7e-m+fp/hard\libc_nano.a(libc_a-impure.o)
                              D:/Duong/STM32/STM32CubeIDE_1.19.0/STM32CubeIDE/plugins/com.st.stm32cube.ide.mcu.externaltools.gnu-tools-for-stm32.13.3.rel1.win32_1.0.0.202411081344/tools/bin/../lib/gcc/arm-none-eabi/13.3.1/../../../../arm-none-eabi/lib/thumb/v7e-m+fp/hard\libc_nano.a(libc_a-reent.o) (_impure_ptr)
D:/Duong/STM32/STM32CubeIDE_1.19.0/STM32CubeIDE/plugins/com.st.stm32cube.ide.mcu.externaltools.gnu-tools-for-stm32.13.3.rel1.win32_1.0.0.202411081344/tools/bin/../lib/gcc/arm-none-eabi/13.3.1/../../../../arm-none-eabi/lib/thumb/v7e-m+fp/hard\libc_nano.a(libc_a-lseekr.o)
[...]
Memory Configuration

Name             Origin             Length             Attributes
CCMRAM           0x10000000         0x00010000         xrw
RAM              0x20000000         0x00020000         xrw
FLASH            0x08000000         0x00080000         xr
*default*        0x00000000         0xffffffff

Linker script and memory map

LOAD D:/Duong/STM32/STM32CubeIDE_1.19.0/STM32CubeIDE/plugins/com.st.stm32cube.ide.mcu.externaltools.gnu-tools-for-stm32.13.3.rel1.win32_1.0.0.202411081344/tools/bin/../lib/gcc/arm-none-eabi/13.3.1/thumb/v7e-m+fp/hard/crti.o
LOAD D:/Duong/STM32/STM32CubeIDE_1.19.0/STM32CubeIDE/plugins/com.st.stm32cube.ide.mcu.externaltools.gnu-tools-for-stm32.13.3.rel1.win32_1.0.0.202411081344/tools/bin/../lib/gcc/arm-none-eabi/13.3.1/thumb/v7e-m+fp/hard/crtbegin.o
LOAD D:/Duong/STM32/STM32CubeIDE_1.19.0/STM32CubeIDE/plugins/com.st.stm32cube.ide.mcu.externaltools.gnu-tools-for-stm32.13.3.rel1.win32_1.0.0.202411081344/tools/bin/../lib/gcc/arm-none-eabi/13.3.1/../../../../arm-none-eabi/lib/thumb/v7e-m+fp/hard/crt0.o
LOAD ./Core/Src/main.o
LOAD ./Core/Src/protocol.o
LOAD ./Core/Src/stm32f4xx_hal_msp.o
LOAD ./Core/Src/stm32f4xx_it.o
LOAD ./Core/Src/syscalls.o
LOAD ./Core/Src/sysmem.o
LOAD ./Core/Src/system_stm32f4xx.o
LOAD ./Core/Startup/startup_stm32f407vetx.o
LOAD ./Drivers/STM32F4xx_HAL_Driver/Src/stm32f4xx_hal.o
LOAD ./Drivers/STM32F4xx_HAL_Driver/Src/stm32f4xx_hal_adc.o
LOAD ./Drivers/STM32F4xx_HAL_Driver/Src/stm32f4xx_hal_adc_ex.o
LOAD ./Drivers/STM32F4xx_HAL_Driver/Src/stm32f4xx_hal_cortex.o
LOAD ./Drivers/STM32F4xx_HAL_Driver/Src/stm32f4xx_hal_dac.o
LOAD ./Drivers/STM32F4xx_HAL_Driver/Src/stm32f4xx_hal_dac_ex.o
LOAD ./Drivers/STM32F4xx_HAL_Driver/Src/stm32f4xx_hal_dma.o
LOAD ./Drivers/STM32F4xx_HAL_Driver/Src/stm32f4xx_hal_dma_ex.o
LOAD ./Drivers/STM32F4xx_HAL_Driver/Src/stm32f4xx_hal_exti.o
LOAD ./Drivers/STM32F4xx_HAL_Driver/Src/stm32f4xx_hal_flash.o
LOAD ./Drivers/STM32F4xx_HAL_Driver/Src/stm32f4xx_hal_flash_ex.o
LOAD ./Drivers/STM32F4xx_HAL_Driver/Src/stm32f4xx_hal_flash_ramfunc.o
LOAD ./Drivers/STM32F4xx_HAL_Driver/Src/stm32f4xx_hal_gpio.o
LOAD ./Drivers/STM32F4xx_HAL_Driver/Src/stm32f4xx_hal_pcd.o
LOAD ./Drivers/STM32F4xx_HAL_Driver/Src/stm32f4xx_hal_pcd_ex.o
LOAD ./Drivers/STM32F4xx_HAL_Driver/Src/stm32f4xx_hal_pwr.o
LOAD ./Drivers/STM32F4xx_HAL_Driver/Src/stm32f4xx_hal_pwr_ex.o
LOAD ./Drivers/STM32F4xx_HAL_Driver/Src/stm32f4xx_hal_rcc.o
LOAD ./Drivers/STM32F4xx_HAL_Driver/Src/stm32f4xx_hal_rcc_ex.o
LOAD ./Drivers/STM32F4xx_HAL_Driver/Src/stm32f4xx_ll_adc.o
LOAD ./Drivers/STM32F4xx_HAL_Driver/Src/stm32f4xx_ll_usb.o
LOAD ./Middlewares/ST/STM32_USB_Device_Library/Class/CDC/Src/usbd_cdc.o
LOAD ./Middlewares/ST/STM32_USB_Device_Library/Core/Src/usbd_core.o
LOAD ./Middlewares/ST/STM32_USB_Device_Library/Core/Src/usbd_ctlreq.o
LOAD ./Middlewares/ST/STM32_USB_Device_Library/Core/Src/usbd_ioreq.o
LOAD ./USB_DEVICE/App/usb_device.o
LOAD ./USB_DEVICE/App/usbd_cdc_if.o
LOAD ./USB_DEVICE/App/usbd_desc.o
LOAD ./USB_DEVICE/Target/usbd_conf.o
START GROUP
LOAD D:/Duong/STM32/STM32CubeIDE_1.19.0/STM32CubeIDE/plugins/com.st.stm32cube.ide.mcu.externaltools.gnu-tools-for-stm32.13.3.rel1.win32_1.0.0.202411081344/tools/bin/../lib/gcc/arm-none-eabi/13.3.1/../../../../arm-none-eabi/lib/thumb/v7e-m+fp/hard\libc_nano.a
LOAD D:/Duong/STM32/STM32CubeIDE_1.19.0/STM32CubeIDE/plugins/com.st.stm32cube.ide.mcu.externaltools.gnu-tools-for-stm32.13.3.rel1.win32_1.0.0.202411081344/tools/bin/../lib/gcc/arm-none-eabi/13.3.1/../../../../arm-none-eabi/lib/thumb/v7e-m+fp/hard\libm.a
END GROUP
START GROUP
LOAD D:/Duong/STM32/STM32CubeIDE_1.19.0/STM32CubeIDE/plugins/com.st.stm32cube.ide.mcu.externaltools.gnu-tools-for-stm32.13.3.rel1.win32_1.0.0.202411081344/tools/bin/../lib/gcc/arm-none-eabi/13.3.1/thumb/v7e-m+fp/hard\libgcc.a
LOAD D:/Duong/STM32/STM32CubeIDE_1.19.0/STM32CubeIDE/plugins/com.st.stm32cube.ide.mcu.externaltools.gnu-tools-for-stm32.13.3.rel1.win32_1.0.0.202411081344/tools/bin/../lib/gcc/arm-none-eabi/13.3.1/../../../../arm-none-eabi/lib/thumb/v7e-m+fp/hard\libc_nano.a
END GROUP
START GROUP
LOAD D:/Duong/STM32/STM32CubeIDE_1.19.0/STM32CubeIDE/plugins/com.st.stm32cube.ide.mcu.externaltools.gnu-tools-for-stm32.13.3.rel1.win32_1.0.0.202411081344/tools/bin/../lib/gcc/arm-none-eabi/13.3.1/thumb/v7e-m+fp/hard\libgcc.a
LOAD D:/Duong/STM32/STM32CubeIDE_1.19.0/STM32CubeIDE/plugins/com.st.stm32cube.ide.mcu.externaltools.gnu-tools-for-stm32.13.3.rel1.win32_1.0.0.202411081344/tools/bin/../lib/gcc/arm-none-eabi/13.3.1/../../../../arm-none-eabi/lib/thumb/v7e-m+fp/hard\libc_nano.a
LOAD D:/Duong/STM32/STM32CubeIDE_1.19.0/STM32CubeIDE/plugins/com.st.stm32cube.ide.mcu.externaltools.gnu-tools-for-stm32.13.3.rel1.win32_1.0.0.202411081344/tools/bin/../lib/gcc/arm-none-eabi/13.3.1/../../../../arm-none-eabi/lib/thumb/v7e-m+fp/hard\libnosys.a
END GROUP
START GROUP
LOAD D:/Duong/STM32/STM32CubeIDE_1.19.0/STM32CubeIDE/plugins/com.st.stm32cube.ide.mcu.externaltools.gnu-tools-for-stm32.13.3.rel1.win32_1.0.0.202411081344/tools/bin/../lib/gcc/arm-none-eabi/13.3.1/thumb/v7e-m+fp/hard\libgcc.a
LOAD D:/Duong/STM32/STM32CubeIDE_1.19.0/STM32CubeIDE/plugins/com.st.stm32cube.ide.mcu.externaltools.gnu-tools-for-stm32.13.3.rel1.win32_1.0.0.202411081344/tools/bin/../lib/gcc/arm-none-eabi/13.3.1/../../../../arm-none-eabi/lib/thumb/v7e-m+fp/hard\libc_nano.a
LOAD D:/Duong/STM32/STM32CubeIDE_1.19.0/STM32CubeIDE/plugins/com.st.stm32cube.ide.mcu.externaltools.gnu-tools-for-stm32.13.3.rel1.win32_1.0.0.202411081344/tools/bin/../lib/gcc/arm-none-eabi/13.3.1/../../../../arm-none-eabi/lib/thumb/v7e-m+fp/hard\libnosys.a
END GROUP
LOAD D:/Duong/STM32/STM32CubeIDE_1.19.0/STM32CubeIDE/plugins/com.st.stm32cube.ide.mcu.externaltools.gnu-tools-for-stm32.13.3.rel1.win32_1.0.0.202411081344/tools/bin/../lib/gcc/arm-none-eabi/13.3.1/thumb/v7e-m+fp/hard/crtend.o
LOAD D:/Duong/STM32/STM32CubeIDE_1.19.0/STM32CubeIDE/plugins/com.st.stm32cube.ide.mcu.externaltools.gnu-tools-for-stm32.13.3.rel1.win32_1.0.0.202411081344/tools/bin/../lib/gcc/arm-none-eabi/13.3.1/thumb/v7e-m+fp/hard/crtn.o
                0x20020000                        _estack = (ORIGIN (RAM) + LENGTH (RAM))
                0x00000200                        _Min_Heap_Size = 0x200
                0x00000400                        _Min_Stack_Size = 0x400

.isr_vector     0x08000000      0x188
                0x08000000                        . = ALIGN (0x4)
 *(.isr_vector)
 .isr_vector    0x08000000      0x188 ./Core/Startup/startup_stm32f407vetx.o
                0x08000000                g_pfnVectors
                0x08000188                        . = ALIGN (0x4)

.text           0x08000188     0x8fb0
                0x08000188                        . = ALIGN (0x4)
 *(.text)
 .text          0x08000188       0x40 D:/Duong/STM32/STM32CubeIDE_1.19.0/STM32CubeIDE/plugins/com.st.stm32cube.ide.mcu.externaltools.gnu-tools-for-stm32.13.3.rel1.win32_1.0.0.202411081344/tools/bin/../lib/gcc/arm-none-eabi/13.3.1/thumb/v7e-m+fp/hard/crtbegin.o
 .text          0x080001c8      0x378 D:/Duong/STM32/STM32CubeIDE_1.19.0/STM32CubeIDE/plugins/com.st.stm32cube.ide.mcu.externaltools.gnu-tools-for-stm32.13.3.rel1.win32_1.0.0.202411081344/tools/bin/../lib/gcc/arm-none-eabi/13.3.1/thumb/v7e-m+fp/hard\libgcc.a(_arm_addsubdf3.o)
                0x080001c8                __aeabi_drsub
                0x080001d0                __aeabi_dsub
                0x080001d0                __subdf3
                0x080001d4                __aeabi_dadd
                0x080001d4                __adddf3
                0x0800044c                __floatunsidf
                0x0800044c                __aeabi_ui2d
                0x0800046c                __floatsidf
                0x0800046c                __aeabi_i2d
                0x08000490                __aeabi_f2d
                0x08000490                __extendsfdf2
                0x080004d4                __floatundidf
                0x080004d4                __aeabi_ul2d
                0x080004e4                __floatdidf
                0x080004e4                __aeabi_l2d
 .text          0x08000540      0x424 D:/Duong/STM32/STM32CubeIDE_1.19.0/STM32CubeIDE/plugins/com.st.stm32cube.ide.mcu.externaltools.gnu-tools-for-stm32.13.3.rel1.win32_1.0.0.202411081344/tools/bin/../lib/gcc/arm-none-eabi/13.3.1/thumb/v7e-m+fp/hard\libgcc.a(_arm_muldivdf3.o)
                0x08000540                __aeabi_dmul
                0x08000540                __muldf3
                0x08000794                __divdf3
                0x08000794                __aeabi_ddiv
 .text          0x08000964       0xa0 D:/Duong/STM32/STM32CubeIDE_1.19.0/STM32CubeIDE/plugins/com.st.stm32cube.ide.mcu.externaltools.gnu-tools-for-stm32.13.3.rel1.win32_1.0.0.202411081344/tools/bin/../lib/gcc/arm-none-eabi/13.3.1/thumb/v7e-m+fp/hard\libgcc.a(_arm_truncdfsf2.o)
                0x08000964                __truncdfsf2
                0x08000964                __aeabi_d2f
 .text          0x08000a04       0x30 D:/Duong/STM32/STM32CubeIDE_1.19.0/STM32CubeIDE/plugins/com.st.stm32cube.ide.mcu.externaltools.gnu-tools-for-stm32.13.3.rel1.win32_1.0.0.202411081344/tools/bin/../lib/gcc/arm-none-eabi/13.3.1/thumb/v7e-m+fp/hard\libgcc.a(_aeabi_uldivmod.o)
                0x08000a04                __aeabi_uldivmod
 .text          0x08000a34      0x2f8 D:/Duong/STM32/STM32CubeIDE_1.19.0/STM32CubeIDE/plugins/com.st.stm32cube.ide.mcu.externaltools.gnu-tools-for-stm32.13.3.rel1.win32_1.0.0.202411081344/tools/bin/../lib/gcc/arm-none-eabi/13.3.1/thumb/v7e-m+fp/hard\libgcc.a(_udivmoddi4.o)
                0x08000a34                __udivmoddi4
 .text          0x08000d2c        0x4 D:/Duong/STM32/STM32CubeIDE_1.19.0/STM32CubeIDE/plugins/com.st.stm32cube.ide.mcu.externaltools.gnu-tools-for-stm32.13.3.rel1.win32_1.0.0.202411081344/tools/bin/../lib/gcc/arm-none-eabi/13.3.1/thumb/v7e-m+fp/hard\libgcc.a(_dvmd_tls.o)
                0x08000d2c                __aeabi_idiv0
                0x08000d2c                __aeabi_ldiv0
 *(.text*)
 .text.GenerateSineLUT
                0x08000d30       0xb4 ./Core/Src/main.o
                0x08000d30                GenerateSineLUT
 .text.HAL_ADC_ConvCpltCallback
                0x08000de4       0x2c ./Core/Src/main.o
                0x08000de4                HAL_ADC_ConvCpltCallback
 .text.main     0x08000e10       0x60 ./Core/Src/main.o
                0x08000e10                main
 .text.SystemClock_Config
                0x08000e70       0xd4 ./Core/Src/main.o
                0x08000e70                SystemClock_Config
 .text.MX_ADC1_Init
                0x08000f44       0xa4 ./Core/Src/main.o
 .text.MX_ADC2_Init
                0x08000fe8       0xa4 ./Core/Src/main.o
 .text.MX_DAC_Init
                0x0800108c       0x54 ./Core/Src/main.o
 .text.MX_GPIO_Init
                0x080010e0       0xe0 ./Core/Src/main.o
 .text.Error_Handler
                0x080011c0        0xc ./Core/Src/main.o
                0x080011c0                Error_Handler
 .text.protocol_calculate_crc
                0x080011cc       0x40 ./Core/Src/protocol.o
                0x080011cc                protocol_calculate_crc
 .text.protocol_send_osc_data
                0x0800120c       0x70 ./Core/Src/protocol.o
                0x0800120c                protocol_send_osc_data
 .text.HAL_MspInit
                0x0800127c       0x50 ./Core/Src/stm32f4xx_hal_msp.o
                0x0800127c                HAL_MspInit
 .text.HAL_ADC_MspInit
                0x080012cc       0xe8 ./Core/Src/stm32f4xx_hal_msp.o
                0x080012cc                HAL_ADC_MspInit
 .text.HAL_DAC_MspInit
                0x080013b4       0x88 ./Core/Src/stm32f4xx_hal_msp.o
                0x080013b4                HAL_DAC_MspInit
 .text.NMI_Handler
                0x0800143c        0x8 ./Core/Src/stm32f4xx_it.o
                0x0800143c                NMI_Handler
 .text.HardFault_Handler
                0x08001444        0x8 ./Core/Src/stm32f4xx_it.o
                0x08001444                HardFault_Handler
 .text.MemManage_Handler
                0x0800144c        0x8 ./Core/Src/stm32f4xx_it.o
                0x0800144c                MemManage_Handler
 .text.BusFault_Handler
                0x08001454        0x8 ./Core/Src/stm32f4xx_it.o
                0x08001454                BusFault_Handler
 .text.UsageFault_Handler
                0x0800145c        0x8 ./Core/Src/stm32f4xx_it.o
                0x0800145c                UsageFault_Handler
 .text.SVC_Handler
                0x08001464        0xe ./Core/Src/stm32f4xx_it.o
                0x08001464                SVC_Handler
 .text.DebugMon_Handler
                0x08001472        0xe ./Core/Src/stm32f4xx_it.o
                0x08001472                DebugMon_Handler
 .text.PendSV_Handler
                0x08001480        0xe ./Core/Src/stm32f4xx_it.o
                0x08001480                PendSV_Handler
 .text.SysTick_Handler
                0x0800148e        0xc ./Core/Src/stm32f4xx_it.o
                0x0800148e                SysTick_Handler
 *fill*         0x0800149a        0x2 
 .text.OTG_FS_IRQHandler
                0x0800149c       0x14 ./Core/Src/stm32f4xx_it.o
                0x0800149c                OTG_FS_IRQHandler
 .text.SystemInit
                0x080014b0       0x24 ./Core/Src/system_stm32f4xx.o
                0x080014b0                SystemInit
 .text.Reset_Handler
                0x080014d4       0x50 ./Core/Startup/startup_stm32f407vetx.o
                0x080014d4                Reset_Handler
 .text.Default_Handler
                0x08001524        0x2 ./Core/Startup/startup_stm32f407vetx.o
                0x08001524                RTC_Alarm_IRQHandler
                0x08001524                HASH_RNG_IRQHandler
                0x08001524                EXTI2_IRQHandler
                0x08001524                TIM8_CC_IRQHandler
                0x08001524                TIM1_CC_IRQHandler
                0x08001524                DMA2_Stream5_IRQHandler
                0x08001524                DMA1_Stream5_IRQHandler
                0x08001524                PVD_IRQHandler
                0x08001524                SDIO_IRQHandler
                0x08001524                TAMP_STAMP_IRQHandler
                0x08001524                CAN2_RX1_IRQHandler
                0x08001524                EXTI3_IRQHandler
                0x08001524                TIM8_TRG_COM_TIM14_IRQHandler
                0x08001524                TIM1_UP_TIM10_IRQHandler
                0x08001524                TIM8_UP_TIM13_IRQHandler
                0x08001524                I2C3_ER_IRQHandler
                0x08001524                EXTI0_IRQHandler
                0x08001524                I2C2_EV_IRQHandler
                0x08001524                DMA1_Stream2_IRQHandler
                0x08001524                CAN1_RX0_IRQHandler
                0x08001524                FPU_IRQHandler
                0x08001524                OTG_HS_WKUP_IRQHandler
                0x08001524                CAN2_SCE_IRQHandler
                0x08001524                DMA2_Stream2_IRQHandler
                0x08001524                SPI1_IRQHandler
                0x08001524                TIM6_DAC_IRQHandler
                0x08001524                TIM1_BRK_TIM9_IRQHandler
                0x08001524                DCMI_IRQHandler
                0x08001524                CAN2_RX0_IRQHandler
                0x08001524                DMA2_Stream3_IRQHandler
                0x08001524                USART6_IRQHandler
                0x08001524                USART3_IRQHandler
                0x08001524                CAN1_RX1_IRQHandler
                0x08001524                UART5_IRQHandler
                0x08001524                DMA2_Stream0_IRQHandler
                0x08001524                TIM4_IRQHandler
                0x08001524                I2C1_EV_IRQHandler
                0x08001524                DMA1_Stream6_IRQHandler
                0x08001524                DMA1_Stream1_IRQHandler
                0x08001524                UART4_IRQHandler
                0x08001524                TIM3_IRQHandler
                0x08001524                RCC_IRQHandler
                0x08001524                TIM8_BRK_TIM12_IRQHandler
                0x08001524                Default_Handler
                0x08001524                EXTI15_10_IRQHandler
                0x08001524                ADC_IRQHandler
                0x08001524                DMA1_Stream7_IRQHandler
                0x08001524                TIM7_IRQHandler
                0x08001524                CAN2_TX_IRQHandler
                0x08001524                TIM5_IRQHandler
                0x08001524                DMA2_Stream7_IRQHandler
                0x08001524                I2C3_EV_IRQHandler
                0x08001524                EXTI9_5_IRQHandler
                0x08001524                RTC_WKUP_IRQHandler
                0x08001524                ETH_WKUP_IRQHandler
                0x08001524                SPI2_IRQHandler
                0x08001524                OTG_HS_EP1_IN_IRQHandler
                0x08001524                DMA1_Stream0_IRQHandler
                0x08001524                CAN1_TX_IRQHandler
                0x08001524                EXTI4_IRQHandler
                0x08001524                FSMC_IRQHandler
                0x08001524                ETH_IRQHandler
                0x08001524                OTG_HS_EP1_OUT_IRQHandler
                0x08001524                WWDG_IRQHandler
                0x08001524                TIM2_IRQHandler
                0x08001524                OTG_FS_WKUP_IRQHandler
                0x08001524                TIM1_TRG_COM_TIM11_IRQHandler
                0x08001524                OTG_HS_IRQHandler
                0x08001524                EXTI1_IRQHandler
                0x08001524                USART2_IRQHandler
                0x08001524                I2C2_ER_IRQHandler
                0x08001524                DMA2_Stream1_IRQHandler
                0x08001524                CAN1_SCE_IRQHandler
                0x08001524                FLASH_IRQHandler
                0x08001524                DMA2_Stream4_IRQHandler
                0x08001524                USART1_IRQHandler
                0x08001524                SPI3_IRQHandler
                0x08001524                DMA1_Stream4_IRQHandler
                0x08001524                I2C1_ER_IRQHandler
                0x08001524                DMA2_Stream6_IRQHandler
                0x08001524                DMA1_Stream3_IRQHandler
 *fill*         0x08001526        0x2 
 .text.HAL_Init
                0x08001528       0x44 ./Drivers/STM32F4xx_HAL_Driver/Src/stm32f4xx_hal.o
                0x08001528                HAL_Init
 .text.HAL_InitTick
                0x0800156c       0x60 ./Drivers/STM32F4xx_HAL_Driver/Src/stm32f4xx_hal.o
                0x0800156c                HAL_InitTick
 .text.HAL_IncTick
                0x080015cc       0x28 ./Drivers/STM32F4xx_HAL_Driver/Src/stm32f4xx_hal.o
                0x080015cc                HAL_IncTick
 .text.HAL_GetTick
                0x080015f4       0x18 ./Drivers/STM32F4xx_HAL_Driver/Src/stm32f4xx_hal.o
                0x080015f4                HAL_GetTick
 .text.HAL_Delay
                0x0800160c       0x48 ./Drivers/STM32F4xx_HAL_Driver/Src/stm32f4xx_hal.o
                0x0800160c                HAL_Delay
 .text.HAL_ADC_Init
                0x08001654       0x86 ./Drivers/STM32F4xx_HAL_Driver/Src/stm32f4xx_hal_adc.o
                0x08001654                HAL_ADC_Init
 .text.HAL_ADC_ConvHalfCpltCallback
                0x080016da       0x14 ./Drivers/STM32F4xx_HAL_Driver/Src/stm32f4xx_hal_adc.o
                0x080016da                HAL_ADC_ConvHalfCpltCallback
 .text.HAL_ADC_ErrorCallback
                0x080016ee       0x14 ./Drivers/STM32F4xx_HAL_Driver/Src/stm32f4xx_hal_adc.o
                0x080016ee                HAL_ADC_ErrorCallback
 *fill*         0x08001702        0x2 
 .text.HAL_ADC_ConfigChannel
                0x08001704      0x244 ./Drivers/STM32F4xx_HAL_Driver/Src/stm32f4xx_hal_adc.o
                0x08001704                HAL_ADC_ConfigChannel
 .text.ADC_Init
                0x08001948      0x1f8 ./Drivers/STM32F4xx_HAL_Driver/Src/stm32f4xx_hal_adc.o
 .text.HAL_ADCEx_MultiModeStart_DMA
                0x08001b40      0x1a0 ./Drivers/STM32F4xx_HAL_Driver/Src/stm32f4xx_hal_adc_ex.o
                0x08001b40                HAL_ADCEx_MultiModeStart_DMA
 .text.ADC_MultiModeDMAConvCplt
                0x08001ce0       0xa6 ./Drivers/STM32F4xx_HAL_Driver/Src/stm32f4xx_hal_adc_ex.o
 .text.ADC_MultiModeDMAHalfConvCplt
                0x08001d86       0x1c ./Drivers/STM32F4xx_HAL_Driver/Src/stm32f4xx_hal_adc_ex.o
 .text.ADC_MultiModeDMAError
                0x08001da2       0x2e ./Drivers/STM32F4xx_HAL_Driver/Src/stm32f4xx_hal_adc_ex.o
 .text.__NVIC_SetPriorityGrouping
                0x08001dd0       0x48 ./Drivers/STM32F4xx_HAL_Driver/Src/stm32f4xx_hal_cortex.o
 .text.__NVIC_GetPriorityGrouping
                0x08001e18       0x1c ./Drivers/STM32F4xx_HAL_Driver/Src/stm32f4xx_hal_cortex.o
 .text.__NVIC_EnableIRQ
                0x08001e34       0x3c ./Drivers/STM32F4xx_HAL_Driver/Src/stm32f4xx_hal_cortex.o
 .text.__NVIC_SetPriority
                0x08001e70       0x54 ./Drivers/STM32F4xx_HAL_Driver/Src/stm32f4xx_hal_cortex.o
 .text.NVIC_EncodePriority
                0x08001ec4       0x66 ./Drivers/STM32F4xx_HAL_Driver/Src/stm32f4xx_hal_cortex.o
 *fill*         0x08001f2a        0x2 
 .text.SysTick_Config
                0x08001f2c       0x44 ./Drivers/STM32F4xx_HAL_Driver/Src/stm32f4xx_hal_cortex.o
 .text.HAL_NVIC_SetPriorityGrouping
                0x08001f70       0x16 ./Drivers/STM32F4xx_HAL_Driver/Src/stm32f4xx_hal_cortex.o
                0x08001f70                HAL_NVIC_SetPriorityGrouping
 .text.HAL_NVIC_SetPriority
                0x08001f86       0x38 ./Drivers/STM32F4xx_HAL_Driver/Src/stm32f4xx_hal_cortex.o
                0x08001f86                HAL_NVIC_SetPriority
 .text.HAL_NVIC_EnableIRQ
                0x08001fbe       0x1c ./Drivers/STM32F4xx_HAL_Driver/Src/stm32f4xx_hal_cortex.o
                0x08001fbe                HAL_NVIC_EnableIRQ
 .text.HAL_SYSTICK_Config
                0x08001fda       0x18 ./Drivers/STM32F4xx_HAL_Driver/Src/stm32f4xx_hal_cortex.o
                0x08001fda                HAL_SYSTICK_Config
 .text.HAL_DAC_Init
                0x08001ff2       0x44 ./Drivers/STM32F4xx_HAL_Driver/Src/stm32f4xx_hal_dac.o
                0x08001ff2                HAL_DAC_Init
 *fill*         0x08002036        0x2 
 .text.HAL_DAC_Start_DMA
                0x08002038      0x180 ./Drivers/STM32F4xx_HAL_Driver/Src/stm32f4xx_hal_dac.o
                0x08002038                HAL_DAC_Start_DMA
 .text.HAL_DAC_ConvCpltCallbackCh1
                0x080021b8       0x14 ./Drivers/STM32F4xx_HAL_Driver/Src/stm32f4xx_hal_dac.o
                0x080021b8                HAL_DAC_ConvCpltCallbackCh1
 .text.HAL_DAC_ConvHalfCpltCallbackCh1
                0x080021cc       0x14 ./Drivers/STM32F4xx_HAL_Driver/Src/stm32f4xx_hal_dac.o
                0x080021cc                HAL_DAC_ConvHalfCpltCallbackCh1
 .text.HAL_DAC_ErrorCallbackCh1
                0x080021e0       0x14 ./Drivers/STM32F4xx_HAL_Driver/Src/stm32f4xx_hal_dac.o
                0x080021e0                HAL_DAC_ErrorCallbackCh1
 .text.HAL_DAC_ConfigChannel
                0x080021f4       0xb2 ./Drivers/STM32F4xx_HAL_Driver/Src/stm32f4xx_hal_dac.o
                0x080021f4                HAL_DAC_ConfigChannel
 .text.DAC_DMAConvCpltCh1
                0x080022a6       0x22 ./Drivers/STM32F4xx_HAL_Driver/Src/stm32f4xx_hal_dac.o
                0x080022a6                DAC_DMAConvCpltCh1
 .text.DAC_DMAHalfConvCpltCh1
                0x080022c8       0x1c ./Drivers/STM32F4xx_HAL_Driver/Src/stm32f4xx_hal_dac.o
                0x080022c8                DAC_DMAHalfConvCpltCh1
 .text.DAC_DMAErrorCh1
                0x080022e4       0x2e ./Drivers/STM32F4xx_HAL_Driver/Src/stm32f4xx_hal_dac.o
                0x080022e4                DAC_DMAErrorCh1
 .text.HAL_DACEx_ConvCpltCallbackCh2
                0x08002312       0x14 ./Drivers/STM32F4xx_HAL_Driver/Src/stm32f4xx_hal_dac_ex.o
                0x08002312                HAL_DACEx_ConvCpltCallbackCh2
 .text.HAL_DACEx_ConvHalfCpltCallbackCh2
                0x08002326       0x14 ./Drivers/STM32F4xx_HAL_Driver/Src/stm32f4xx_hal_dac_ex.o
                0x08002326                HAL_DACEx_ConvHalfCpltCallbackCh2
 .text.HAL_DACEx_ErrorCallbackCh2
                0x0800233a       0x14 ./Drivers/STM32F4xx_HAL_Driver/Src/stm32f4xx_hal_dac_ex.o
                0x0800233a                HAL_DACEx_ErrorCallbackCh2
 .text.DAC_DMAConvCpltCh2
                0x0800234e       0x22 ./Drivers/STM32F4xx_HAL_Driver/Src/stm32f4xx_hal_dac_ex.o
                0x0800234e                DAC_DMAConvCpltCh2
 .text.DAC_DMAHalfConvCpltCh2
                0x08002370       0x1c ./Drivers/STM32F4xx_HAL_Driver/Src/stm32f4xx_hal_dac_ex.o
                0x08002370                DAC_DMAHalfConvCpltCh2
 .text.DAC_DMAErrorCh2
                0x0800238c       0x2e ./Drivers/STM32F4xx_HAL_Driver/Src/stm32f4xx_hal_dac_ex.o
                0x0800238c                DAC_DMAErrorCh2
 .text.HAL_DMA_Start_IT
                0x080023ba       0xb0 ./Drivers/STM32F4xx_HAL_Driver/Src/stm32f4xx_hal_dma.o
                0x080023ba                HAL_DMA_Start_IT
 .text.DMA_SetConfig
                0x0800246a       0x5c ./Drivers/STM32F4xx_HAL_Driver/Src/stm32f4xx_hal_dma.o
 *fill*         0x080024c6        0x2 
 .text.HAL_GPIO_Init
                0x080024c8      0x338 ./Drivers/STM32F4xx_HAL_Driver/Src/stm32f4xx_hal_gpio.o
                0x080024c8                HAL_GPIO_Init
 .text.HAL_GPIO_WritePin
                0x08002800       0x32 ./Drivers/STM32F4xx_HAL_Driver/Src/stm32f4xx_hal_gpio.o
                0x08002800                HAL_GPIO_WritePin
 .text.HAL_PCD_Init
                0x08002832      0x21e ./Drivers/STM32F4xx_HAL_Driver/Src/stm32f4xx_hal_pcd.o
                0x08002832                HAL_PCD_Init
 .text.HAL_PCD_Start
                0x08002a50       0x6a ./Drivers/STM32F4xx_HAL_Driver/Src/stm32f4xx_hal_pcd.o
                0x08002a50                HAL_PCD_Start
 .text.HAL_PCD_IRQHandler
                0x08002aba      0x942 ./Drivers/STM32F4xx_HAL_Driver/Src/stm32f4xx_hal_pcd.o
                0x08002aba                HAL_PCD_IRQHandler
 .text.HAL_PCD_SetAddress
                0x080033fc       0x48 ./Drivers/STM32F4xx_HAL_Driver/Src/stm32f4xx_hal_pcd.o
                0x080033fc                HAL_PCD_SetAddress
 .text.HAL_PCD_EP_Open
                0x08003444       0xd4 ./Drivers/STM32F4xx_HAL_Driver/Src/stm32f4xx_hal_pcd.o
                0x08003444                HAL_PCD_EP_Open
 .text.HAL_PCD_EP_Close
                0x08003518       0x94 ./Drivers/STM32F4xx_HAL_Driver/Src/stm32f4xx_hal_pcd.o
                0x08003518                HAL_PCD_EP_Close
 .text.HAL_PCD_EP_Receive
                0x080035ac       0x76 ./Drivers/STM32F4xx_HAL_Driver/Src/stm32f4xx_hal_pcd.o
                0x080035ac                HAL_PCD_EP_Receive
 .text.HAL_PCD_EP_GetRxCount
                0x08003622       0x30 ./Drivers/STM32F4xx_HAL_Driver/Src/stm32f4xx_hal_pcd.o
                0x08003622                HAL_PCD_EP_GetRxCount
 .text.HAL_PCD_EP_Transmit
                0x08003652       0x74 ./Drivers/STM32F4xx_HAL_Driver/Src/stm32f4xx_hal_pcd.o
                0x08003652                HAL_PCD_EP_Transmit
 .text.HAL_PCD_EP_SetStall
                0x080036c6       0xc6 ./Drivers/STM32F4xx_HAL_Driver/Src/stm32f4xx_hal_pcd.o
                0x080036c6                HAL_PCD_EP_SetStall
 .text.HAL_PCD_EP_ClrStall
                0x0800378c       0xac ./Drivers/STM32F4xx_HAL_Driver/Src/stm32f4xx_hal_pcd.o
                0x0800378c                HAL_PCD_EP_ClrStall
 .text.HAL_PCD_EP_Abort
                0x08003838       0x62 ./Drivers/STM32F4xx_HAL_Driver/Src/stm32f4xx_hal_pcd.o
                0x08003838                HAL_PCD_EP_Abort
 .text.PCD_WriteEmptyTxFifo
                0x0800389a      0x118 ./Drivers/STM32F4xx_HAL_Driver/Src/stm32f4xx_hal_pcd.o
 *fill*         0x080039b2        0x2 
 .text.PCD_EP_OutXfrComplete_int
                0x080039b4      0x1d0 ./Drivers/STM32F4xx_HAL_Driver/Src/stm32f4xx_hal_pcd.o
 .text.PCD_EP_OutSetupPacket_int
                0x08003b84       0x8c ./Drivers/STM32F4xx_HAL_Driver/Src/stm32f4xx_hal_pcd.o
 .text.HAL_PCDEx_SetTxFiFo
                0x08003c10       0x8e ./Drivers/STM32F4xx_HAL_Driver/Src/stm32f4xx_hal_pcd_ex.o
                0x08003c10                HAL_PCDEx_SetTxFiFo
 .text.HAL_PCDEx_SetRxFiFo
                0x08003c9e       0x22 ./Drivers/STM32F4xx_HAL_Driver/Src/stm32f4xx_hal_pcd_ex.o
                0x08003c9e                HAL_PCDEx_SetRxFiFo
 .text.HAL_PCDEx_LPM_Callback
                0x08003cc0       0x18 ./Drivers/STM32F4xx_HAL_Driver/Src/stm32f4xx_hal_pcd_ex.o
                0x08003cc0                HAL_PCDEx_LPM_Callback
 .text.HAL_RCC_OscConfig
                0x08003cd8      0x4f0 ./Drivers/STM32F4xx_HAL_Driver/Src/stm32f4xx_hal_rcc.o
                0x08003cd8                HAL_RCC_OscConfig
 .text.HAL_RCC_ClockConfig
                0x080041c8      0x1cc ./Drivers/STM32F4xx_HAL_Driver/Src/stm32f4xx_hal_rcc.o
                0x080041c8                HAL_RCC_ClockConfig
 .text.HAL_RCC_GetSysClockFreq
                0x08004394      0x20c ./Drivers/STM32F4xx_HAL_Driver/Src/stm32f4xx_hal_rcc.o
                0x08004394                HAL_RCC_GetSysClockFreq
 .text.HAL_RCC_GetHCLKFreq
                0x080045a0       0x18 ./Drivers/STM32F4xx_HAL_Driver/Src/stm32f4xx_hal_rcc.o
                0x080045a0                HAL_RCC_GetHCLKFreq
 .text.USB_CoreInit
                0x080045b8       0xc8 ./Drivers/STM32F4xx_HAL_Driver/Src/stm32f4xx_ll_usb.o
                0x080045b8                USB_CoreInit
 .text.USB_SetTurnaroundTime
                0x08004680      0x144 ./Drivers/STM32F4xx_HAL_Driver/Src/stm32f4xx_ll_usb.o
                0x08004680                USB_SetTurnaroundTime
 .text.USB_EnableGlobalInt
                0x080047c4       0x22 ./Drivers/STM32F4xx_HAL_Driver/Src/stm32f4xx_ll_usb.o
                0x080047c4                USB_EnableGlobalInt
 .text.USB_DisableGlobalInt
                0x080047e6       0x22 ./Drivers/STM32F4xx_HAL_Driver/Src/stm32f4xx_ll_usb.o
                0x080047e6                USB_DisableGlobalInt
 .text.USB_SetCurrentMode
                0x08004808       0x98 ./Drivers/STM32F4xx_HAL_Driver/Src/stm32f4xx_ll_usb.o
                0x08004808                USB_SetCurrentMode
 .text.USB_DevInit
                0x080048a0      0x2c8 ./Drivers/STM32F4xx_HAL_Driver/Src/stm32f4xx_ll_usb.o
                0x080048a0                USB_DevInit
 .text.USB_FlushTxFifo
                0x08004b68       0x64 ./Drivers/STM32F4xx_HAL_Driver/Src/stm32f4xx_ll_usb.o
                0x08004b68                USB_FlushTxFifo
 .text.USB_FlushRxFifo
                0x08004bcc       0x5c ./Drivers/STM32F4xx_HAL_Driver/Src/stm32f4xx_ll_usb.o
                0x08004bcc                USB_FlushRxFifo
 .text.USB_SetDevSpeed
                0x08004c28       0x32 ./Drivers/STM32F4xx_HAL_Driver/Src/stm32f4xx_ll_usb.o
                0x08004c28                USB_SetDevSpeed
 .text.USB_GetDevSpeed
                0x08004c5a       0x4a ./Drivers/STM32F4xx_HAL_Driver/Src/stm32f4xx_ll_usb.o
                0x08004c5a                USB_GetDevSpeed
 .text.USB_ActivateEndpoint
                0x08004ca4      0x10e ./Drivers/STM32F4xx_HAL_Driver/Src/stm32f4xx_ll_usb.o
                0x08004ca4                USB_ActivateEndpoint
 *fill*         0x08004db2        0x2 
 .text.USB_DeactivateEndpoint
                0x08004db4      0x1b8 ./Drivers/STM32F4xx_HAL_Driver/Src/stm32f4xx_ll_usb.o
                0x08004db4                USB_DeactivateEndpoint
 .text.USB_EPStartXfer
                0x08004f6c      0x53c ./Drivers/STM32F4xx_HAL_Driver/Src/stm32f4xx_ll_usb.o
                0x08004f6c                USB_EPStartXfer
 .text.USB_EPStopXfer
                0x080054a8      0x154 ./Drivers/STM32F4xx_HAL_Driver/Src/stm32f4xx_ll_usb.o
                0x080054a8                USB_EPStopXfer
 .text.USB_WritePacket
                0x080055fc       0x7c ./Drivers/STM32F4xx_HAL_Driver/Src/stm32f4xx_ll_usb.o
                0x080055fc                USB_WritePacket
 .text.USB_ReadPacket
                0x08005678       0xb0 ./Drivers/STM32F4xx_HAL_Driver/Src/stm32f4xx_ll_usb.o
                0x08005678                USB_ReadPacket
 .text.USB_EPSetStall
                0x08005728       0xdc ./Drivers/STM32F4xx_HAL_Driver/Src/stm32f4xx_ll_usb.o
                0x08005728                USB_EPSetStall
 .text.USB_EPClearStall
                0x08005804       0xcc ./Drivers/STM32F4xx_HAL_Driver/Src/stm32f4xx_ll_usb.o
                0x08005804                USB_EPClearStall
 .text.USB_SetDevAddress
                0x080058d0       0x4c ./Drivers/STM32F4xx_HAL_Driver/Src/stm32f4xx_ll_usb.o
                0x080058d0                USB_SetDevAddress
 .text.USB_DevConnect
                0x0800591c       0x42 ./Drivers/STM32F4xx_HAL_Driver/Src/stm32f4xx_ll_usb.o
                0x0800591c                USB_DevConnect
 .text.USB_DevDisconnect
                0x0800595e       0x42 ./Drivers/STM32F4xx_HAL_Driver/Src/stm32f4xx_ll_usb.o
                0x0800595e                USB_DevDisconnect
 .text.USB_ReadInterrupts
                0x080059a0       0x26 ./Drivers/STM32F4xx_HAL_Driver/Src/stm32f4xx_ll_usb.o
                0x080059a0                USB_ReadInterrupts
 .text.USB_ReadDevAllOutEpInterrupt
                0x080059c6       0x34 ./Drivers/STM32F4xx_HAL_Driver/Src/stm32f4xx_ll_usb.o
                0x080059c6                USB_ReadDevAllOutEpInterrupt
 .text.USB_ReadDevAllInEpInterrupt
                0x080059fa       0x34 ./Drivers/STM32F4xx_HAL_Driver/Src/stm32f4xx_ll_usb.o
                0x080059fa                USB_ReadDevAllInEpInterrupt
 .text.USB_ReadDevOutEPInterrupt
                0x08005a2e       0x3c ./Drivers/STM32F4xx_HAL_Driver/Src/stm32f4xx_ll_usb.o
                0x08005a2e                USB_ReadDevOutEPInterrupt
 .text.USB_ReadDevInEPInterrupt
                0x08005a6a       0x5c ./Drivers/STM32F4xx_HAL_Driver/Src/stm32f4xx_ll_usb.o
                0x08005a6a                USB_ReadDevInEPInterrupt
 .text.USB_GetMode
                0x08005ac6       0x1c ./Drivers/STM32F4xx_HAL_Driver/Src/stm32f4xx_ll_usb.o
                0x08005ac6                USB_GetMode
 .text.USB_ActivateSetup
                0x08005ae2       0x46 ./Drivers/STM32F4xx_HAL_Driver/Src/stm32f4xx_ll_usb.o
                0x08005ae2                USB_ActivateSetup
 .text.USB_EP0_OutStart
                0x08005b28       0xbc ./Drivers/STM32F4xx_HAL_Driver/Src/stm32f4xx_ll_usb.o
                0x08005b28                USB_EP0_OutStart
 .text.USB_CoreReset
                0x08005be4       0x70 ./Drivers/STM32F4xx_HAL_Driver/Src/stm32f4xx_ll_usb.o
 .text.USBD_CDC_Init
                0x08005c54      0x1f0 ./Middlewares/ST/STM32_USB_Device_Library/Class/CDC/Src/usbd_cdc.o
 .text.USBD_CDC_DeInit
                0x08005e44      0x104 ./Middlewares/ST/STM32_USB_Device_Library/Class/CDC/Src/usbd_cdc.o
 .text.USBD_CDC_Setup
                0x08005f48      0x1b8 ./Middlewares/ST/STM32_USB_Device_Library/Class/CDC/Src/usbd_cdc.o
 .text.USBD_CDC_DataIn
                0x08006100       0xfe ./Middlewares/ST/STM32_USB_Device_Library/Class/CDC/Src/usbd_cdc.o
 .text.USBD_CDC_DataOut
                0x080061fe       0x70 ./Middlewares/ST/STM32_USB_Device_Library/Class/CDC/Src/usbd_cdc.o
 .text.USBD_CDC_EP0_RxReady
                0x0800626e       0x74 ./Middlewares/ST/STM32_USB_Device_Library/Class/CDC/Src/usbd_cdc.o
 *fill*         0x080062e2        0x2 
 .text.USBD_CDC_GetFSCfgDesc
                0x080062e4       0x70 ./Middlewares/ST/STM32_USB_Device_Library/Class/CDC/Src/usbd_cdc.o
 .text.USBD_CDC_GetHSCfgDesc
                0x08006354       0x70 ./Middlewares/ST/STM32_USB_Device_Library/Class/CDC/Src/usbd_cdc.o
 .text.USBD_CDC_GetOtherSpeedCfgDesc
                0x080063c4       0x70 ./Middlewares/ST/STM32_USB_Device_Library/Class/CDC/Src/usbd_cdc.o
 .text.USBD_CDC_GetDeviceQualifierDescriptor
                0x08006434       0x20 ./Middlewares/ST/STM32_USB_Device_Library/Class/CDC/Src/usbd_cdc.o
                0x08006434                USBD_CDC_GetDeviceQualifierDescriptor
 .text.USBD_CDC_RegisterInterface
                0x08006454       0x34 ./Middlewares/ST/STM32_USB_Device_Library/Class/CDC/Src/usbd_cdc.o
                0x08006454                USBD_CDC_RegisterInterface
 .text.USBD_CDC_SetTxBuffer
                0x08006488       0x44 ./Middlewares/ST/STM32_USB_Device_Library/Class/CDC/Src/usbd_cdc.o
                0x08006488                USBD_CDC_SetTxBuffer
 .text.USBD_CDC_SetRxBuffer
                0x080064cc       0x3a ./Middlewares/ST/STM32_USB_Device_Library/Class/CDC/Src/usbd_cdc.o
                0x080064cc                USBD_CDC_SetRxBuffer
 *fill*         0x08006506        0x2 
 .text.USBD_CDC_TransmitPacket
                0x08006508       0x80 ./Middlewares/ST/STM32_USB_Device_Library/Class/CDC/Src/usbd_cdc.o
                0x08006508                USBD_CDC_TransmitPacket
 .text.USBD_CDC_ReceivePacket
                0x08006588       0x6c ./Middlewares/ST/STM32_USB_Device_Library/Class/CDC/Src/usbd_cdc.o
                0x08006588                USBD_CDC_ReceivePacket
 .text.USBD_Init
                0x080065f4       0x60 ./Middlewares/ST/STM32_USB_Device_Library/Core/Src/usbd_core.o
                0x080065f4                USBD_Init
 .text.USBD_RegisterClass
                0x08006654       0x6c ./Middlewares/ST/STM32_USB_Device_Library/Core/Src/usbd_core.o
                0x08006654                USBD_RegisterClass
 .text.USBD_Start
                0x080066c0       0x18 ./Middlewares/ST/STM32_USB_Device_Library/Core/Src/usbd_core.o
                0x080066c0                USBD_Start
 .text.USBD_RunTestMode
                0x080066d8       0x16 ./Middlewares/ST/STM32_USB_Device_Library/Core/Src/usbd_core.o
                0x080066d8                USBD_RunTestMode
 .text.USBD_SetClassConfig
                0x080066ee       0x38 ./Middlewares/ST/STM32_USB_Device_Library/Core/Src/usbd_core.o
                0x080066ee                USBD_SetClassConfig
 .text.USBD_ClrClassConfig
                0x08006726       0x34 ./Middlewares/ST/STM32_USB_Device_Library/Core/Src/usbd_core.o
                0x08006726                USBD_ClrClassConfig
 .text.USBD_LL_SetupStage
                0x0800675a       0xaa ./Middlewares/ST/STM32_USB_Device_Library/Core/Src/usbd_core.o
                0x0800675a                USBD_LL_SetupStage
 .text.USBD_LL_DataOutStage
                0x08006804      0x178 ./Middlewares/ST/STM32_USB_Device_Library/Core/Src/usbd_core.o
                0x08006804                USBD_LL_DataOutStage
 .text.USBD_LL_DataInStage
                0x0800697c      0x176 ./Middlewares/ST/STM32_USB_Device_Library/Core/Src/usbd_core.o
                0x0800697c                USBD_LL_DataInStage
 .text.USBD_LL_Reset
                0x08006af2       0xa6 ./Middlewares/ST/STM32_USB_Device_Library/Core/Src/usbd_core.o
                0x08006af2                USBD_LL_Reset
 .text.USBD_LL_SetSpeed
                0x08006b98       0x20 ./Middlewares/ST/STM32_USB_Device_Library/Core/Src/usbd_core.o
                0x08006b98                USBD_LL_SetSpeed
 .text.USBD_LL_Suspend
                0x08006bb8       0x38 ./Middlewares/ST/STM32_USB_Device_Library/Core/Src/usbd_core.o
                0x08006bb8                USBD_LL_Suspend
 .text.USBD_LL_Resume
                0x08006bf0       0x30 ./Middlewares/ST/STM32_USB_Device_Library/Core/Src/usbd_core.o
                0x08006bf0                USBD_LL_Resume
 .text.USBD_LL_SOF
                0x08006c20       0x40 ./Middlewares/ST/STM32_USB_Device_Library/Core/Src/usbd_core.o
                0x08006c20                USBD_LL_SOF
 .text.USBD_LL_IsoINIncomplete
                0x08006c60       0x64 ./Middlewares/ST/STM32_USB_Device_Library/Core/Src/usbd_core.o
                0x08006c60                USBD_LL_IsoINIncomplete
 .text.USBD_LL_IsoOUTIncomplete
                0x08006cc4       0x64 ./Middlewares/ST/STM32_USB_Device_Library/Core/Src/usbd_core.o
                0x08006cc4                USBD_LL_IsoOUTIncomplete
 .text.USBD_LL_DevConnected
                0x08006d28       0x16 ./Middlewares/ST/STM32_USB_Device_Library/Core/Src/usbd_core.o
                0x08006d28                USBD_LL_DevConnected
 .text.USBD_LL_DevDisconnected
                0x08006d3e       0x46 ./Middlewares/ST/STM32_USB_Device_Library/Core/Src/usbd_core.o
                0x08006d3e                USBD_LL_DevDisconnected
 .text.USBD_CoreFindIF
                0x08006d84       0x1a ./Middlewares/ST/STM32_USB_Device_Library/Core/Src/usbd_core.o
                0x08006d84                USBD_CoreFindIF
 .text.USBD_CoreFindEP
                0x08006d9e       0x1a ./Middlewares/ST/STM32_USB_Device_Library/Core/Src/usbd_core.o
                0x08006d9e                USBD_CoreFindEP
 .text.USBD_GetEpDesc
                0x08006db8       0x70 ./Middlewares/ST/STM32_USB_Device_Library/Core/Src/usbd_core.o
                0x08006db8                USBD_GetEpDesc
 .text.USBD_GetNextDesc
                0x08006e28       0x38 ./Middlewares/ST/STM32_USB_Device_Library/Core/Src/usbd_core.o
                0x08006e28                USBD_GetNextDesc
 .text.SWAPBYTE
                0x08006e60       0x3e ./Middlewares/ST/STM32_USB_Device_Library/Core/Src/usbd_ctlreq.o
 *fill*         0x08006e9e        0x2 
 .text.USBD_StdDevReq
                0x08006ea0       0xe4 ./Middlewares/ST/STM32_USB_Device_Library/Core/Src/usbd_ctlreq.o
                0x08006ea0                USBD_StdDevReq
 .text.USBD_StdItfReq
                0x08006f84       0xd8 ./Middlewares/ST/STM32_USB_Device_Library/Core/Src/usbd_ctlreq.o
                0x08006f84                USBD_StdItfReq
 .text.USBD_StdEPReq
                0x0800705c      0x33e ./Middlewares/ST/STM32_USB_Device_Library/Core/Src/usbd_ctlreq.o
                0x0800705c                USBD_StdEPReq
 *fill*         0x0800739a        0x2 
 .text.USBD_GetDescriptor
                0x0800739c      0x2d4 ./Middlewares/ST/STM32_USB_Device_Library/Core/Src/usbd_ctlreq.o
 .text.USBD_SetAddress
                0x08007670       0x88 ./Middlewares/ST/STM32_USB_Device_Library/Core/Src/usbd_ctlreq.o
 .text.USBD_SetConfig
                0x080076f8      0x154 ./Middlewares/ST/STM32_USB_Device_Library/Core/Src/usbd_ctlreq.o
 .text.USBD_GetConfig
                0x0800784c       0x6c ./Middlewares/ST/STM32_USB_Device_Library/Core/Src/usbd_ctlreq.o
 .text.USBD_GetStatus
                0x080078b8       0x68 ./Middlewares/ST/STM32_USB_Device_Library/Core/Src/usbd_ctlreq.o
 .text.USBD_SetFeature
                0x08007920       0x52 ./Middlewares/ST/STM32_USB_Device_Library/Core/Src/usbd_ctlreq.o
 .text.USBD_ClrFeature
                0x08007972       0x44 ./Middlewares/ST/STM32_USB_Device_Library/Core/Src/usbd_ctlreq.o
 .text.USBD_ParseSetupRequest
                0x080079b6       0x74 ./Middlewares/ST/STM32_USB_Device_Library/Core/Src/usbd_ctlreq.o
                0x080079b6                USBD_ParseSetupRequest
 .text.USBD_CtlError
                0x08007a2a       0x22 ./Middlewares/ST/STM32_USB_Device_Library/Core/Src/usbd_ctlreq.o
                0x08007a2a                USBD_CtlError
 .text.USBD_GetString
                0x08007a4c       0xa4 ./Middlewares/ST/STM32_USB_Device_Library/Core/Src/usbd_ctlreq.o
                0x08007a4c                USBD_GetString
 .text.USBD_GetLen
                0x08007af0       0x34 ./Middlewares/ST/STM32_USB_Device_Library/Core/Src/usbd_ctlreq.o
 .text.USBD_CtlSendData
                0x08007b24       0x3c ./Middlewares/ST/STM32_USB_Device_Library/Core/Src/usbd_ioreq.o
                0x08007b24                USBD_CtlSendData
 .text.USBD_CtlContinueSendData
                0x08007b60       0x22 ./Middlewares/ST/STM32_USB_Device_Library/Core/Src/usbd_ioreq.o
                0x08007b60                USBD_CtlContinueSendData
 .text.USBD_CtlPrepareRx
                0x08007b82       0x42 ./Middlewares/ST/STM32_USB_Device_Library/Core/Src/usbd_ioreq.o
                0x08007b82                USBD_CtlPrepareRx
 .text.USBD_CtlContinueRx
                0x08007bc4       0x22 ./Middlewares/ST/STM32_USB_Device_Library/Core/Src/usbd_ioreq.o
                0x08007bc4                USBD_CtlContinueRx
 .text.USBD_CtlSendStatus
                0x08007be6       0x26 ./Middlewares/ST/STM32_USB_Device_Library/Core/Src/usbd_ioreq.o
                0x08007be6                USBD_CtlSendStatus
 .text.USBD_CtlReceiveStatus
                0x08007c0c       0x26 ./Middlewares/ST/STM32_USB_Device_Library/Core/Src/usbd_ioreq.o
                0x08007c0c                USBD_CtlReceiveStatus
 *fill*         0x08007c32        0x2 
 .text.MX_USB_DEVICE_Init
                0x08007c34       0x60 ./USB_DEVICE/App/usb_device.o
                0x08007c34                MX_USB_DEVICE_Init
 .text.CDC_Init_FS
                0x08007c94       0x28 ./USB_DEVICE/App/usbd_cdc_if.o
 .text.CDC_DeInit_FS
                0x08007cbc       0x10 ./USB_DEVICE/App/usbd_cdc_if.o
 .text.CDC_Control_FS
                0x08007ccc       0xbc ./USB_DEVICE/App/usbd_cdc_if.o
 .text.CDC_Receive_FS
                0x08007d88       0x28 ./USB_DEVICE/App/usbd_cdc_if.o
 .text.CDC_Transmit_FS
                0x08007db0       0x4c ./USB_DEVICE/App/usbd_cdc_if.o
                0x08007db0                CDC_Transmit_FS
 .text.CDC_TransmitCplt_FS
                0x08007dfc       0x22 ./USB_DEVICE/App/usbd_cdc_if.o
 *fill*         0x08007e1e        0x2 
 .text.USBD_FS_DeviceDescriptor
                0x08007e20       0x24 ./USB_DEVICE/App/usbd_desc.o
                0x08007e20                USBD_FS_DeviceDescriptor
 .text.USBD_FS_LangIDStrDescriptor
                0x08007e44       0x24 ./USB_DEVICE/App/usbd_desc.o
                0x08007e44                USBD_FS_LangIDStrDescriptor
 .text.USBD_FS_ProductStrDescriptor
                0x08007e68       0x3c ./USB_DEVICE/App/usbd_desc.o
                0x08007e68                USBD_FS_ProductStrDescriptor
 .text.USBD_FS_ManufacturerStrDescriptor
                0x08007ea4       0x28 ./USB_DEVICE/App/usbd_desc.o
                0x08007ea4                USBD_FS_ManufacturerStrDescriptor
 .text.USBD_FS_SerialStrDescriptor
                0x08007ecc       0x24 ./USB_DEVICE/App/usbd_desc.o
                0x08007ecc                USBD_FS_SerialStrDescriptor
 .text.USBD_FS_ConfigStrDescriptor
                0x08007ef0       0x3c ./USB_DEVICE/App/usbd_desc.o
                0x08007ef0                USBD_FS_ConfigStrDescriptor
 .text.USBD_FS_InterfaceStrDescriptor
                0x08007f2c       0x3c ./USB_DEVICE/App/usbd_desc.o
                0x08007f2c                USBD_FS_InterfaceStrDescriptor
 .text.Get_SerialNum
                0x08007f68       0x58 ./USB_DEVICE/App/usbd_desc.o
 .text.IntToUnicode
                0x08007fc0       0x7e ./USB_DEVICE/App/usbd_desc.o
 *fill*         0x0800803e        0x2 
 .text.HAL_PCD_MspInit
                0x08008040       0xa8 ./USB_DEVICE/Target/usbd_conf.o
                0x08008040                HAL_PCD_MspInit
 .text.HAL_PCD_SetupStageCallback
                0x080080e8       0x24 ./USB_DEVICE/Target/usbd_conf.o
                0x080080e8                HAL_PCD_SetupStageCallback
 .text.HAL_PCD_DataOutStageCallback
                0x0800810c       0x36 ./USB_DEVICE/Target/usbd_conf.o
                0x0800810c                HAL_PCD_DataOutStageCallback
 .text.HAL_PCD_DataInStageCallback
                0x08008142       0x34 ./USB_DEVICE/Target/usbd_conf.o
                0x08008142                HAL_PCD_DataInStageCallback
 .text.HAL_PCD_SOFCallback
                0x08008176       0x1c ./USB_DEVICE/Target/usbd_conf.o
                0x08008176                HAL_PCD_SOFCallback
 .text.HAL_PCD_ResetCallback
                0x08008192       0x50 ./USB_DEVICE/Target/usbd_conf.o
                0x08008192                HAL_PCD_ResetCallback
 *fill*         0x080081e2        0x2 
 .text.HAL_PCD_SuspendCallback
                0x080081e4       0x4c ./USB_DEVICE/Target/usbd_conf.o
                0x080081e4                HAL_PCD_SuspendCallback
 .text.HAL_PCD_ResumeCallback
                0x08008230       0x1c ./USB_DEVICE/Target/usbd_conf.o
                0x08008230                HAL_PCD_ResumeCallback
 .text.HAL_PCD_ISOOUTIncompleteCallback
                0x0800824c       0x24 ./USB_DEVICE/Target/usbd_conf.o
                0x0800824c                HAL_PCD_ISOOUTIncompleteCallback
 .text.HAL_PCD_ISOINIncompleteCallback
                0x08008270       0x24 ./USB_DEVICE/Target/usbd_conf.o
                0x08008270                HAL_PCD_ISOINIncompleteCallback
 .text.HAL_PCD_ConnectCallback
                0x08008294       0x1c ./USB_DEVICE/Target/usbd_conf.o
                0x08008294                HAL_PCD_ConnectCallback
 .text.HAL_PCD_DisconnectCallback
                0x080082b0       0x1c ./USB_DEVICE/Target/usbd_conf.o
                0x080082b0                HAL_PCD_DisconnectCallback
 .text.USBD_LL_Init
                0x080082cc       0x98 ./USB_DEVICE/Target/usbd_conf.o
                0x080082cc                USBD_LL_Init
 .text.USBD_LL_Start
                0x08008364       0x36 ./USB_DEVICE/Target/usbd_conf.o
                0x08008364                USBD_LL_Start
 .text.USBD_LL_OpenEP
                0x0800839a       0x4c ./USB_DEVICE/Target/usbd_conf.o
                0x0800839a                USBD_LL_OpenEP
 .text.USBD_LL_CloseEP
                0x080083e6       0x3e ./USB_DEVICE/Target/usbd_conf.o
                0x080083e6                USBD_LL_CloseEP
 .text.USBD_LL_StallEP
                0x08008424       0x3e ./USB_DEVICE/Target/usbd_conf.o
                0x08008424                USBD_LL_StallEP
 .text.USBD_LL_ClearStallEP
                0x08008462       0x3e ./USB_DEVICE/Target/usbd_conf.o
                0x08008462                USBD_LL_ClearStallEP
 .text.USBD_LL_IsStallEP
                0x080084a0       0x58 ./USB_DEVICE/Target/usbd_conf.o
                0x080084a0                USBD_LL_IsStallEP
 .text.USBD_LL_SetUSBAddress
                0x080084f8       0x3e ./USB_DEVICE/Target/usbd_conf.o
                0x080084f8                USBD_LL_SetUSBAddress
 .text.USBD_LL_Transmit
                0x08008536       0x42 ./USB_DEVICE/Target/usbd_conf.o
                0x08008536                USBD_LL_Transmit
 .text.USBD_LL_PrepareReceive
                0x08008578       0x42 ./USB_DEVICE/Target/usbd_conf.o
                0x08008578                USBD_LL_PrepareReceive
 .text.USBD_LL_GetRxDataSize
                0x080085ba       0x26 ./USB_DEVICE/Target/usbd_conf.o
                0x080085ba                USBD_LL_GetRxDataSize
 .text.USBD_static_malloc
                0x080085e0       0x1c ./USB_DEVICE/Target/usbd_conf.o
                0x080085e0                USBD_static_malloc
 .text.USBD_static_free
                0x080085fc       0x14 ./USB_DEVICE/Target/usbd_conf.o
                0x080085fc                USBD_static_free
 .text.USBD_Get_USB_Status
                0x08008610       0x58 ./USB_DEVICE/Target/usbd_conf.o
                0x08008610                USBD_Get_USB_Status
 .text.memset   0x08008668       0x10 D:/Duong/STM32/STM32CubeIDE_1.19.0/STM32CubeIDE/plugins/com.st.stm32cube.ide.mcu.externaltools.gnu-tools-for-stm32.13.3.rel1.win32_1.0.0.202411081344/tools/bin/../lib/gcc/arm-none-eabi/13.3.1/../../../../arm-none-eabi/lib/thumb/v7e-m+fp/hard\libc_nano.a(libc_a-memset.o)
                0x08008668                memset
 .text.__libc_init_array
                0x08008678       0x48 D:/Duong/STM32/STM32CubeIDE_1.19.0/STM32CubeIDE/plugins/com.st.stm32cube.ide.mcu.externaltools.gnu-tools-for-stm32.13.3.rel1.win32_1.0.0.202411081344/tools/bin/../lib/gcc/arm-none-eabi/13.3.1/../../../../arm-none-eabi/lib/thumb/v7e-m+fp/hard\libc_nano.a(libc_a-init.o)
                0x08008678                __libc_init_array
 .text.sinf     0x080086c0       0x8c D:/Duong/STM32/STM32CubeIDE_1.19.0/STM32CubeIDE/plugins/com.st.stm32cube.ide.mcu.externaltools.gnu-tools-for-stm32.13.3.rel1.win32_1.0.0.202411081344/tools/bin/../lib/gcc/arm-none-eabi/13.3.1/../../../../arm-none-eabi/lib/thumb/v7e-m+fp/hard\libm.a(libm_a-sf_sin.o)
                0x080086c0                sinf
 .text.__kernel_cosf
                0x0800874c       0xb0 D:/Duong/STM32/STM32CubeIDE_1.19.0/STM32CubeIDE/plugins/com.st.stm32cube.ide.mcu.externaltools.gnu-tools-for-stm32.13.3.rel1.win32_1.0.0.202411081344/tools/bin/../lib/gcc/arm-none-eabi/13.3.1/../../../../arm-none-eabi/lib/thumb/v7e-m+fp/hard\libm.a(libm_a-kf_cos.o)
                0x0800874c                __kernel_cosf
 .text.__kernel_sinf
                0x080087fc       0x90 D:/Duong/STM32/STM32CubeIDE_1.19.0/STM32CubeIDE/plugins/com.st.stm32cube.ide.mcu.externaltools.gnu-tools-for-stm32.13.3.rel1.win32_1.0.0.202411081344/tools/bin/../lib/gcc/arm-none-eabi/13.3.1/../../../../arm-none-eabi/lib/thumb/v7e-m+fp/hard\libm.a(libm_a-kf_sin.o)
                0x080087fc                __kernel_sinf
 .text.__ieee754_rem_pio2f
                0x0800888c      0x260 D:/Duong/STM32/STM32CubeIDE_1.19.0/STM32CubeIDE/plugins/com.st.stm32cube.ide.mcu.externaltools.gnu-tools-for-stm32.13.3.rel1.win32_1.0.0.202411081344/tools/bin/../lib/gcc/arm-none-eabi/13.3.1/../../../../arm-none-eabi/lib/thumb/v7e-m+fp/hard\libm.a(libm_a-ef_rem_pio2.o)
                0x0800888c                __ieee754_rem_pio2f
 .text.fabsf    0x08008aec        0xe D:/Duong/STM32/STM32CubeIDE_1.19.0/STM32CubeIDE/plugins/com.st.stm32cube.ide.mcu.externaltools.gnu-tools-for-stm32.13.3.rel1.win32_1.0.0.202411081344/tools/bin/../lib/gcc/arm-none-eabi/13.3.1/../../../../arm-none-eabi/lib/thumb/v7e-m+fp/hard\libm.a(libm_a-sf_fabs.o)
                0x08008aec                fabsf
 *fill*         0x08008afa        0x2 
 .text.__kernel_rem_pio2f
                0x08008afc      0x4d0 D:/Duong/STM32/STM32CubeIDE_1.19.0/STM32CubeIDE/plugins/com.st.stm32cube.ide.mcu.externaltools.gnu-tools-for-stm32.13.3.rel1.win32_1.0.0.202411081344/tools/bin/../lib/gcc/arm-none-eabi/13.3.1/../../../../arm-none-eabi/lib/thumb/v7e-m+fp/hard\libm.a(libm_a-kf_rem_pio2.o)
                0x08008afc                __kernel_rem_pio2f
 .text.scalbnf  0x08008fcc       0xcc D:/Duong/STM32/STM32CubeIDE_1.19.0/STM32CubeIDE/plugins/com.st.stm32cube.ide.mcu.externaltools.gnu-tools-for-stm32.13.3.rel1.win32_1.0.0.202411081344/tools/bin/../lib/gcc/arm-none-eabi/13.3.1/../../../../arm-none-eabi/lib/thumb/v7e-m+fp/hard\libm.a(libm_a-sf_scalbn.o)
                0x08008fcc                scalbnf
 .text.floorf   0x08009098       0x88 D:/Duong/STM32/STM32CubeIDE_1.19.0/STM32CubeIDE/plugins/com.st.stm32cube.ide.mcu.externaltools.gnu-tools-for-stm32.13.3.rel1.win32_1.0.0.202411081344/tools/bin/../lib/gcc/arm-none-eabi/13.3.1/../../../../arm-none-eabi/lib/thumb/v7e-m+fp/hard\libm.a(libm_a-sf_floor.o)
                0x08009098                floorf
 *(.glue_7)
 .glue_7        0x08009120        0x0 linker stubs
 *(.glue_7t)
 .glue_7t       0x08009120        0x0 linker stubs
 *(.eh_frame)
 .eh_frame      0x08009120        0x0 D:/Duong/STM32/STM32CubeIDE_1.19.0/STM32CubeIDE/plugins/com.st.stm32cube.ide.mcu.externaltools.gnu-tools-for-stm32.13.3.rel1.win32_1.0.0.202411081344/tools/bin/../lib/gcc/arm-none-eabi/13.3.1/thumb/v7e-m+fp/hard/crtbegin.o
 *(.init)
 .init          0x08009120        0x4 D:/Duong/STM32/STM32CubeIDE_1.19.0/STM32CubeIDE/plugins/com.st.stm32cube.ide.mcu.externaltools.gnu-tools-for-stm32.13.3.rel1.win32_1.0.0.202411081344/tools/bin/../lib/gcc/arm-none-eabi/13.3.1/thumb/v7e-m+fp/hard/crti.o
                0x08009120                _init
 .init          0x08009124        0x8 D:/Duong/STM32/STM32CubeIDE_1.19.0/STM32CubeIDE/plugins/com.st.stm32cube.ide.mcu.externaltools.gnu-tools-for-stm32.13.3.rel1.win32_1.0.0.202411081344/tools/bin/../lib/gcc/arm-none-eabi/13.3.1/thumb/v7e-m+fp/hard/crtn.o
 *(.fini)
 .fini          0x0800912c        0x4 D:/Duong/STM32/STM32CubeIDE_1.19.0/STM32CubeIDE/plugins/com.st.stm32cube.ide.mcu.externaltools.gnu-tools-for-stm32.13.3.rel1.win32_1.0.0.202411081344/tools/bin/../lib/gcc/arm-none-eabi/13.3.1/thumb/v7e-m+fp/hard/crti.o
                0x0800912c                _fini
 .fini          0x08009130        0x8 D:/Duong/STM32/STM32CubeIDE_1.19.0/STM32CubeIDE/plugins/com.st.stm32cube.ide.mcu.externaltools.gnu-tools-for-stm32.13.3.rel1.win32_1.0.0.202411081344/tools/bin/../lib/gcc/arm-none-eabi/13.3.1/thumb/v7e-m+fp/hard/crtn.o
                0x08009138                        . = ALIGN (0x4)
                0x08009138                        _etext = .

.vfp11_veneer   0x08009138        0x0
 .vfp11_veneer  0x08009138        0x0 linker stubs

.v4_bx          0x08009138        0x0
 .v4_bx         0x08009138        0x0 linker stubs

.iplt           0x08009138        0x0
 .iplt          0x08009138        0x0 D:/Duong/STM32/STM32CubeIDE_1.19.0/STM32CubeIDE/plugins/com.st.stm32cube.ide.mcu.externaltools.gnu-tools-for-stm32.13.3.rel1.win32_1.0.0.202411081344/tools/bin/../lib/gcc/arm-none-eabi/13.3.1/thumb/v7e-m+fp/hard/crtbegin.o

.rodata         0x08009138      0x428
                0x08009138                        . = ALIGN (0x4)
 *(.rodata)
 .rodata        0x08009138       0x46 ./USB_DEVICE/App/usbd_desc.o
 *(.rodata*)
 *fill*         0x0800917e        0x2 
 .rodata.AHBPrescTable
                0x08009180       0x10 ./Core/Src/system_stm32f4xx.o
                0x08009180                AHBPrescTable
 .rodata.npio2_hw
                0x08009190       0x80 D:/Duong/STM32/STM32CubeIDE_1.19.0/STM32CubeIDE/plugins/com.st.stm32cube.ide.mcu.externaltools.gnu-tools-for-stm32.13.3.rel1.win32_1.0.0.202411081344/tools/bin/../lib/gcc/arm-none-eabi/13.3.1/../../../../arm-none-eabi/lib/thumb/v7e-m+fp/hard\libm.a(libm_a-ef_rem_pio2.o)
 .rodata.two_over_pi
                0x08009210      0x318 D:/Duong/STM32/STM32CubeIDE_1.19.0/STM32CubeIDE/plugins/com.st.stm32cube.ide.mcu.externaltools.gnu-tools-for-stm32.13.3.rel1.win32_1.0.0.202411081344/tools/bin/../lib/gcc/arm-none-eabi/13.3.1/../../../../arm-none-eabi/lib/thumb/v7e-m+fp/hard\libm.a(libm_a-ef_rem_pio2.o)
 .rodata.PIo2   0x08009528       0x2c D:/Duong/STM32/STM32CubeIDE_1.19.0/STM32CubeIDE/plugins/com.st.stm32cube.ide.mcu.externaltools.gnu-tools-for-stm32.13.3.rel1.win32_1.0.0.202411081344/tools/bin/../lib/gcc/arm-none-eabi/13.3.1/../../../../arm-none-eabi/lib/thumb/v7e-m+fp/hard\libm.a(libm_a-kf_rem_pio2.o)
 .rodata.init_jk
                0x08009554        0xc D:/Duong/STM32/STM32CubeIDE_1.19.0/STM32CubeIDE/plugins/com.st.stm32cube.ide.mcu.externaltools.gnu-tools-for-stm32.13.3.rel1.win32_1.0.0.202411081344/tools/bin/../lib/gcc/arm-none-eabi/13.3.1/../../../../arm-none-eabi/lib/thumb/v7e-m+fp/hard\libm.a(libm_a-kf_rem_pio2.o)
                0x08009560                        . = ALIGN (0x4)

.ARM.extab      0x08009560        0x0
                0x08009560                        . = ALIGN (0x4)
 *(.ARM.extab* .gnu.linkonce.armextab.*)
                0x08009560                        . = ALIGN (0x4)

.ARM            0x08009560        0x8
                0x08009560                        . = ALIGN (0x4)
                0x08009560                        __exidx_start = .
 *(.ARM.exidx*)
 .ARM.exidx     0x08009560        0x8 D:/Duong/STM32/STM32CubeIDE_1.19.0/STM32CubeIDE/plugins/com.st.stm32cube.ide.mcu.externaltools.gnu-tools-for-stm32.13.3.rel1.win32_1.0.0.202411081344/tools/bin/../lib/gcc/arm-none-eabi/13.3.1/thumb/v7e-m+fp/hard\libgcc.a(_udivmoddi4.o)
                0x08009568                        __exidx_end = .
                0x08009568                        . = ALIGN (0x4)

.preinit_array  0x08009568        0x0
                0x08009568                        . = ALIGN (0x4)
                0x08009568                        PROVIDE (__preinit_array_start = .)
 *(.preinit_array*)
                0x08009568                        PROVIDE (__preinit_array_end = .)
                0x08009568                        . = ALIGN (0x4)

.init_array     0x08009568        0x4
                0x08009568                        . = ALIGN (0x4)
                0x08009568                        PROVIDE (__init_array_start = .)
 *(SORT_BY_NAME(.init_array.*))
 *(.init_array*)
 .init_array    0x08009568        0x4 D:/Duong/STM32/STM32CubeIDE_1.19.0/STM32CubeIDE/plugins/com.st.stm32cube.ide.mcu.externaltools.gnu-tools-for-stm32.13.3.rel1.win32_1.0.0.202411081344/tools/bin/../lib/gcc/arm-none-eabi/13.3.1/thumb/v7e-m+fp/hard/crtbegin.o
                0x0800956c                        PROVIDE (__init_array_end = .)
                0x0800956c                        . = ALIGN (0x4)

.fini_array     0x0800956c        0x4
                0x0800956c                        . = ALIGN (0x4)
                [!provide]                        PROVIDE (__fini_array_start = .)
 *(SORT_BY_NAME(.fini_array.*))
 *(.fini_array*)
 .fini_array    0x0800956c        0x4 D:/Duong/STM32/STM32CubeIDE_1.19.0/STM32CubeIDE/plugins/com.st.stm32cube.ide.mcu.externaltools.gnu-tools-for-stm32.13.3.rel1.win32_1.0.0.202411081344/tools/bin/../lib/gcc/arm-none-eabi/13.3.1/thumb/v7e-m+fp/hard/crtbegin.o
                [!provide]                        PROVIDE (__fini_array_end = .)
                0x08009570                        . = ALIGN (0x4)
                0x08009570                        _sidata = LOADADDR (.data)

.rel.dyn        0x08009570        0x0
 .rel.iplt      0x08009570        0x0 D:/Duong/STM32/STM32CubeIDE_1.19.0/STM32CubeIDE/plugins/com.st.stm32cube.ide.mcu.externaltools.gnu-tools-for-stm32.13.3.rel1.win32_1.0.0.202411081344/tools/bin/../lib/gcc/arm-none-eabi/13.3.1/thumb/v7e-m+fp/hard/crtbegin.o

.data           0x20000000       0xfc load address 0x08009570
                0x20000000                        . = ALIGN (0x4)
                0x20000000                        _sdata = .
 *(.data)
 *(.data*)
 .data.SystemCoreClock
                0x20000000        0x4 ./Core/Src/system_stm32f4xx.o
                0x20000000                SystemCoreClock
 .data.uwTickPrio
                0x20000004        0x4 ./Drivers/STM32F4xx_HAL_Driver/Src/stm32f4xx_hal.o
                0x20000004                uwTickPrio
 .data.uwTickFreq
                0x20000008        0x1 ./Drivers/STM32F4xx_HAL_Driver/Src/stm32f4xx_hal.o
                0x20000008                uwTickFreq
 *fill*         0x20000009        0x3 
 .data.USBD_CDC_DeviceQualifierDesc
                0x2000000c        0xa ./Middlewares/ST/STM32_USB_Device_Library/Class/CDC/Src/usbd_cdc.o
 *fill*         0x20000016        0x2 
 .data.USBD_CDC
                0x20000018       0x38 ./Middlewares/ST/STM32_USB_Device_Library/Class/CDC/Src/usbd_cdc.o
                0x20000018                USBD_CDC
 .data.USBD_CDC_CfgDesc
                0x20000050       0x43 ./Middlewares/ST/STM32_USB_Device_Library/Class/CDC/Src/usbd_cdc.o
 .data.CDCInEpAdd
                0x20000093        0x1 ./Middlewares/ST/STM32_USB_Device_Library/Class/CDC/Src/usbd_cdc.o
 .data.CDCOutEpAdd
                0x20000094        0x1 ./Middlewares/ST/STM32_USB_Device_Library/Class/CDC/Src/usbd_cdc.o
 .data.CDCCmdEpAdd
                0x20000095        0x1 ./Middlewares/ST/STM32_USB_Device_Library/Class/CDC/Src/usbd_cdc.o
 *fill*         0x20000096        0x2 
 .data.USBD_Interface_fops_FS
                0x20000098       0x14 ./USB_DEVICE/App/usbd_cdc_if.o
                0x20000098                USBD_Interface_fops_FS
 .data.FS_Desc  0x200000ac       0x1c ./USB_DEVICE/App/usbd_desc.o
                0x200000ac                FS_Desc
 .data.USBD_FS_DeviceDesc
                0x200000c8       0x12 ./USB_DEVICE/App/usbd_desc.o
                0x200000c8                USBD_FS_DeviceDesc
 *fill*         0x200000da        0x2 
 .data.USBD_LangIDDesc
                0x200000dc        0x4 ./USB_DEVICE/App/usbd_desc.o
                0x200000dc                USBD_LangIDDesc
 .data.USBD_StringSerial
                0x200000e0       0x1a ./USB_DEVICE/App/usbd_desc.o
                0x200000e0                USBD_StringSerial
 *(.RamFunc)
 *(.RamFunc*)
                0x200000fc                        . = ALIGN (0x4)
 *fill*         0x200000fa        0x2 
                0x200000fc                        _edata = .
                0x0800966c                        _siccmram = LOADADDR (.ccmram)

.igot.plt       0x200000fc        0x0 load address 0x0800966c
 .igot.plt      0x200000fc        0x0 D:/Duong/STM32/STM32CubeIDE_1.19.0/STM32CubeIDE/plugins/com.st.stm32cube.ide.mcu.externaltools.gnu-tools-for-stm32.13.3.rel1.win32_1.0.0.202411081344/tools/bin/../lib/gcc/arm-none-eabi/13.3.1/thumb/v7e-m+fp/hard/crtbegin.o

.ccmram         0x10000000        0x0 load address 0x0800966c
                0x10000000                        . = ALIGN (0x4)
                0x10000000                        _sccmram = .
 *(.ccmram)
 *(.ccmram*)
                0x10000000                        . = ALIGN (0x4)
                0x10000000                        _eccmram = .
                0x10000000                        . = ALIGN (0x4)

.bss            0x200000fc     0x2ea8
                0x200000fc                        _sbss = .
                0x200000fc                        __bss_start__ = _sbss
 *(.bss)
 .bss           0x200000fc       0x1c D:/Duong/STM32/STM32CubeIDE_1.19.0/STM32CubeIDE/plugins/com.st.stm32cube.ide.mcu.externaltools.gnu-tools-for-stm32.13.3.rel1.win32_1.0.0.202411081344/tools/bin/../lib/gcc/arm-none-eabi/13.3.1/thumb/v7e-m+fp/hard/crtbegin.o
 *(.bss*)
 .bss.hadc1     0x20000118       0x48 ./Core/Src/main.o
                0x20000118                hadc1
 .bss.hadc2     0x20000160       0x48 ./Core/Src/main.o
                0x20000160                hadc2
 .bss.hdac      0x200001a8       0x14 ./Core/Src/main.o
                0x200001a8                hdac
 .bss.adc_dual_buffer
                0x200001bc     0x1000 ./Core/Src/main.o
                0x200001bc                adc_dual_buffer
 .bss.sine_lut  0x200011bc      0x200 ./Core/Src/main.o
                0x200011bc                sine_lut
 .bss.uwTick    0x200013bc        0x4 ./Drivers/STM32F4xx_HAL_Driver/Src/stm32f4xx_hal.o
                0x200013bc                uwTick
 .bss.cfgidx.0  0x200013c0        0x1 ./Middlewares/ST/STM32_USB_Device_Library/Core/Src/usbd_ctlreq.o
 *fill*         0x200013c1        0x3 
 .bss.hUsbDeviceFS
                0x200013c4      0x2dc ./USB_DEVICE/App/usb_device.o
                0x200013c4                hUsbDeviceFS
 .bss.UserRxBufferFS
                0x200016a0      0x800 ./USB_DEVICE/App/usbd_cdc_if.o
                0x200016a0                UserRxBufferFS
 .bss.UserTxBufferFS
                0x20001ea0      0x800 ./USB_DEVICE/App/usbd_cdc_if.o
                0x20001ea0                UserTxBufferFS
 .bss.USBD_StrDesc
                0x200026a0      0x200 ./USB_DEVICE/App/usbd_desc.o
                0x200026a0                USBD_StrDesc
 .bss.hpcd_USB_OTG_FS
                0x200028a0      0x4e4 ./USB_DEVICE/Target/usbd_conf.o
                0x200028a0                hpcd_USB_OTG_FS
 .bss.mem.0     0x20002d84      0x220 ./USB_DEVICE/Target/usbd_conf.o
 *(COMMON)
                0x20002fa4                        . = ALIGN (0x4)
                0x20002fa4                        _ebss = .
                0x20002fa4                        __bss_end__ = _ebss

._user_heap_stack
                0x20002fa4      0x604
                0x20002fa8                        . = ALIGN (0x8)
 *fill*         0x20002fa4        0x4 
                [!provide]                        PROVIDE (end = .)
                0x20002fa8                        PROVIDE (_end = .)
                0x200031a8                        . = (. + _Min_Heap_Size)
 *fill*         0x20002fa8      0x200 
                0x200035a8                        . = (. + _Min_Stack_Size)
 *fill*         0x200031a8      0x400 
                0x200035a8                        . = ALIGN (0x8)

/DISCARD/
 libc.a(*)
 libm.a(*)
 libgcc.a(*)

.ARM.attributes
                0x00000000       0x30
 *(.ARM.attributes)
 .ARM.attributes
                0x00000000       0x22 D:/Duong/STM32/STM32CubeIDE_1.19.0/STM32CubeIDE/plugins/com.st.stm32cube.ide.mcu.externaltools.gnu-tools-for-stm32.13.3.rel1.win32_1.0.0.202411081344/tools/bin/../lib/gcc/arm-none-eabi/13.3.1/thumb/v7e-m+fp/hard/crti.o
 .ARM.attributes
                0x00000022       0x34 D:/Duong/STM32/STM32CubeIDE_1.19.0/STM32CubeIDE/plugins/com.st.stm32cube.ide.mcu.externaltools.gnu-tools-for-stm32.13.3.rel1.win32_1.0.0.202411081344/tools/bin/../lib/gcc/arm-none-eabi/13.3.1/thumb/v7e-m+fp/hard/crtbegin.o
 .ARM.attributes
                0x00000056       0x34 ./Core/Src/main.o
 .ARM.attributes
                0x0000008a       0x34 ./Core/Src/protocol.o
 .ARM.attributes
                0x000000be       0x34 ./Core/Src/stm32f4xx_hal_msp.o
 .ARM.attributes
                0x000000f2       0x34 ./Core/Src/stm32f4xx_it.o
 .ARM.attributes
                0x00000126       0x34 ./Core/Src/system_stm32f4xx.o
 .ARM.attributes
                0x0000015a       0x21 ./Core/Startup/startup_stm32f407vetx.o
 .ARM.attributes
                0x0000017b       0x34 ./Drivers/STM32F4xx_HAL_Driver/Src/stm32f4xx_hal.o
 .ARM.attributes
                0x000001af       0x34 ./Drivers/STM32F4xx_HAL_Driver/Src/stm32f4xx_hal_adc.o
 .ARM.attributes
                0x000001e3       0x34 ./Drivers/STM32F4xx_HAL_Driver/Src/stm32f4xx_hal_adc_ex.o
 .ARM.attributes
                0x00000217       0x34 ./Drivers/STM32F4xx_HAL_Driver/Src/stm32f4xx_hal_cortex.o
 .ARM.attributes
                0x0000024b       0x34 ./Drivers/STM32F4xx_HAL_Driver/Src/stm32f4xx_hal_dac.o
 .ARM.attributes
                0x0000027f       0x34 ./Drivers/STM32F4xx_HAL_Driver/Src/stm32f4xx_hal_dac_ex.o
 .ARM.attributes
                0x000002b3       0x34 ./Drivers/STM32F4xx_HAL_Driver/Src/stm32f4xx_hal_dma.o
 .ARM.attributes
                0x000002e7       0x34 ./Drivers/STM32F4xx_HAL_Driver/Src/stm32f4xx_hal_gpio.o
 .ARM.attributes
                0x0000031b       0x34 ./Drivers/STM32F4xx_HAL_Driver/Src/stm32f4xx_hal_pcd.o
 .ARM.attributes
                0x0000034f       0x34 ./Drivers/STM32F4xx_HAL_Driver/Src/stm32f4xx_hal_pcd_ex.o
 .ARM.attributes
                0x00000383       0x34 ./Drivers/STM32F4xx_HAL_Driver/Src/stm32f4xx_hal_rcc.o
 .ARM.attributes
                0x000003b7       0x34 ./Drivers/STM32F4xx_HAL_Driver/Src/stm32f4xx_ll_usb.o
 .ARM.attributes
                0x000003eb       0x34 ./Middlewares/ST/STM32_USB_Device_Library/Class/CDC/Src/usbd_cdc.o
 .ARM.attributes
                0x0000041f       0x34 ./Middlewares/ST/STM32_USB_Device_Library/Core/Src/usbd_core.o
 .ARM.attributes
                0x00000453       0x34 ./Middlewares/ST/STM32_USB_Device_Library/Core/Src/usbd_ctlreq.o
 .ARM.attributes
                0x00000487       0x34 ./Middlewares/ST/STM32_USB_Device_Library/Core/Src/usbd_ioreq.o
 .ARM.attributes
                0x000004bb       0x34 ./USB_DEVICE/App/usb_device.o
 .ARM.attributes
                0x000004ef       0x34 ./USB_DEVICE/App/usbd_cdc_if.o
 .ARM.attributes
                0x00000523       0x34 ./USB_DEVICE/App/usbd_desc.o
 .ARM.attributes
                0x00000557       0x34 ./USB_DEVICE/Target/usbd_conf.o
 .ARM.attributes
                0x0000058b       0x34 D:/Duong/STM32/STM32CubeIDE_1.19.0/STM32CubeIDE/plugins/com.st.stm32cube.ide.mcu.externaltools.gnu-tools-for-stm32.13.3.rel1.win32_1.0.0.202411081344/tools/bin/../lib/gcc/arm-none-eabi/13.3.1/../../../../arm-none-eabi/lib/thumb/v7e-m+fp/hard\libc_nano.a(libc_a-memset.o)
 .ARM.attributes
                0x000005bf       0x34 D:/Duong/STM32/STM32CubeIDE_1.19.0/STM32CubeIDE/plugins/com.st.stm32cube.ide.mcu.externaltools.gnu-tools-for-stm32.13.3.rel1.win32_1.0.0.202411081344/tools/bin/../lib/gcc/arm-none-eabi/13.3.1/../../../../arm-none-eabi/lib/thumb/v7e-m+fp/hard\libc_nano.a(libc_a-init.o)
 .ARM.attributes
                0x000005f3       0x34 D:/Duong/STM32/STM32CubeIDE_1.19.0/STM32CubeIDE/plugins/com.st.stm32cube.ide.mcu.externaltools.gnu-tools-for-stm32.13.3.rel1.win32_1.0.0.202411081344/tools/bin/../lib/gcc/arm-none-eabi/13.3.1/../../../../arm-none-eabi/lib/thumb/v7e-m+fp/hard\libm.a(libm_a-sf_sin.o)
 .ARM.attributes
                0x00000627       0x34 D:/Duong/STM32/STM32CubeIDE_1.19.0/STM32CubeIDE/plugins/com.st.stm32cube.ide.mcu.externaltools.gnu-tools-for-stm32.13.3.rel1.win32_1.0.0.202411081344/tools/bin/../lib/gcc/arm-none-eabi/13.3.1/../../../../arm-none-eabi/lib/thumb/v7e-m+fp/hard\libm.a(libm_a-kf_cos.o)
 .ARM.attributes
                0x0000065b       0x34 D:/Duong/STM32/STM32CubeIDE_1.19.0/STM32CubeIDE/plugins/com.st.stm32cube.ide.mcu.externaltools.gnu-tools-for-stm32.13.3.rel1.win32_1.0.0.202411081344/tools/bin/../lib/gcc/arm-none-eabi/13.3.1/../../../../arm-none-eabi/lib/thumb/v7e-m+fp/hard\libm.a(libm_a-kf_sin.o)
 .ARM.attributes
                0x0000068f       0x34 D:/Duong/STM32/STM32CubeIDE_1.19.0/STM32CubeIDE/plugins/com.st.stm32cube.ide.mcu.externaltools.gnu-tools-for-stm32.13.3.rel1.win32_1.0.0.202411081344/tools/bin/../lib/gcc/arm-none-eabi/13.3.1/../../../../arm-none-eabi/lib/thumb/v7e-m+fp/hard\libm.a(libm_a-ef_rem_pio2.o)
 .ARM.attributes
                0x000006c3       0x34 D:/Duong/STM32/STM32CubeIDE_1.19.0/STM32CubeIDE/plugins/com.st.stm32cube.ide.mcu.externaltools.gnu-tools-for-stm32.13.3.rel1.win32_1.0.0.202411081344/tools/bin/../lib/gcc/arm-none-eabi/13.3.1/../../../../arm-none-eabi/lib/thumb/v7e-m+fp/hard\libm.a(libm_a-sf_fabs.o)
 .ARM.attributes
                0x000006f7       0x34 D:/Duong/STM32/STM32CubeIDE_1.19.0/STM32CubeIDE/plugins/com.st.stm32cube.ide.mcu.externaltools.gnu-tools-for-stm32.13.3.rel1.win32_1.0.0.202411081344/tools/bin/../lib/gcc/arm-none-eabi/13.3.1/../../../../arm-none-eabi/lib/thumb/v7e-m+fp/hard\libm.a(libm_a-kf_rem_pio2.o)
 .ARM.attributes
                0x0000072b       0x34 D:/Duong/STM32/STM32CubeIDE_1.19.0/STM32CubeIDE/plugins/com.st.stm32cube.ide.mcu.externaltools.gnu-tools-for-stm32.13.3.rel1.win32_1.0.0.202411081344/tools/bin/../lib/gcc/arm-none-eabi/13.3.1/../../../../arm-none-eabi/lib/thumb/v7e-m+fp/hard\libm.a(libm_a-sf_scalbn.o)
 .ARM.attributes
                0x0000075f       0x34 D:/Duong/STM32/STM32CubeIDE_1.19.0/STM32CubeIDE/plugins/com.st.stm32cube.ide.mcu.externaltools.gnu-tools-for-stm32.13.3.rel1.win32_1.0.0.202411081344/tools/bin/../lib/gcc/arm-none-eabi/13.3.1/../../../../arm-none-eabi/lib/thumb/v7e-m+fp/hard\libm.a(libm_a-sf_floor.o)
 .ARM.attributes
                0x00000793       0x22 D:/Duong/STM32/STM32CubeIDE_1.19.0/STM32CubeIDE/plugins/com.st.stm32cube.ide.mcu.externaltools.gnu-tools-for-stm32.13.3.rel1.win32_1.0.0.202411081344/tools/bin/../lib/gcc/arm-none-eabi/13.3.1/thumb/v7e-m+fp/hard\libgcc.a(_arm_addsubdf3.o)
 .ARM.attributes
                0x000007b5       0x22 D:/Duong/STM32/STM32CubeIDE_1.19.0/STM32CubeIDE/plugins/com.st.stm32cube.ide.mcu.externaltools.gnu-tools-for-stm32.13.3.rel1.win32_1.0.0.202411081344/tools/bin/../lib/gcc/arm-none-eabi/13.3.1/thumb/v7e-m+fp/hard\libgcc.a(_arm_muldivdf3.o)
 .ARM.attributes
                0x000007d7       0x22 D:/Duong/STM32/STM32CubeIDE_1.19.0/STM32CubeIDE/plugins/com.st.stm32cube.ide.mcu.externaltools.gnu-tools-for-stm32.13.3.rel1.win32_1.0.0.202411081344/tools/bin/../lib/gcc/arm-none-eabi/13.3.1/thumb/v7e-m+fp/hard\libgcc.a(_arm_truncdfsf2.o)
 .ARM.attributes
                0x000007f9       0x22 D:/Duong/STM32/STM32CubeIDE_1.19.0/STM32CubeIDE/plugins/com.st.stm32cube.ide.mcu.externaltools.gnu-tools-for-stm32.13.3.rel1.win32_1.0.0.202411081344/tools/bin/../lib/gcc/arm-none-eabi/13.3.1/thumb/v7e-m+fp/hard\libgcc.a(_aeabi_uldivmod.o)
 .ARM.attributes
                0x0000081b       0x34 D:/Duong/STM32/STM32CubeIDE_1.19.0/STM32CubeIDE/plugins/com.st.stm32cube.ide.mcu.externaltools.gnu-tools-for-stm32.13.3.rel1.win32_1.0.0.202411081344/tools/bin/../lib/gcc/arm-none-eabi/13.3.1/thumb/v7e-m+fp/hard\libgcc.a(_udivmoddi4.o)
 .ARM.attributes
                0x0000084f       0x22 D:/Duong/STM32/STM32CubeIDE_1.19.0/STM32CubeIDE/plugins/com.st.stm32cube.ide.mcu.externaltools.gnu-tools-for-stm32.13.3.rel1.win32_1.0.0.202411081344/tools/bin/../lib/gcc/arm-none-eabi/13.3.1/thumb/v7e-m+fp/hard\libgcc.a(_dvmd_tls.o)
 .ARM.attributes
                0x00000871       0x22 D:/Duong/STM32/STM32CubeIDE_1.19.0/STM32CubeIDE/plugins/com.st.stm32cube.ide.mcu.externaltools.gnu-tools-for-stm32.13.3.rel1.win32_1.0.0.202411081344/tools/bin/../lib/gcc/arm-none-eabi/13.3.1/thumb/v7e-m+fp/hard/crtn.o
OUTPUT(Firmware_amplifier_analyzer.elf elf32-littlearm)
LOAD linker stubs
LOAD D:/Duong/STM32/STM32CubeIDE_1.19.0/STM32CubeIDE/plugins/com.st.stm32cube.ide.mcu.externaltools.gnu-tools-for-stm32.13.3.rel1.win32_1.0.0.202411081344/tools/bin/../lib/gcc/arm-none-eabi/13.3.1/../../../../arm-none-eabi/lib/thumb/v7e-m+fp/hard\libc.a
LOAD D:/Duong/STM32/STM32CubeIDE_1.19.0/STM32CubeIDE/plugins/com.st.stm32cube.ide.mcu.externaltools.gnu-tools-for-stm32.13.3.rel1.win32_1.0.0.202411081344/tools/bin/../lib/gcc/arm-none-eabi/13.3.1/../../../../arm-none-eabi/lib/thumb/v7e-m+fp/hard\libm.a
LOAD D:/Duong/STM32/STM32CubeIDE_1.19.0/STM32CubeIDE/plugins/com.st.stm32cube.ide.mcu.externaltools.gnu-tools-for-stm32.13.3.rel1.win32_1.0.0.202411081344/tools/bin/../lib/gcc/arm-none-eabi/13.3.1/thumb/v7e-m+fp/hard\libgcc.a

.debug_info     0x00000000    0x11ad0
 .debug_info    0x00000000      0xfb8 ./Core/Src/main.o
 .debug_info    0x00000fb8      0x1e8 ./Core/Src/protocol.o
 .debug_info    0x000011a0      0xb0e ./Core/Src/stm32f4xx_hal_msp.o
 .debug_info    0x00001cae      0x627 ./Core/Src/stm32f4xx_it.o
 .debug_info    0x000022d5      0x512 ./Core/Src/system_stm32f4xx.o
 .debug_info    0x000027e7       0x30 ./Core/Startup/startup_stm32f407vetx.o
 .debug_info    0x00002817      0x944 ./Drivers/STM32F4xx_HAL_Driver/Src/stm32f4xx_hal.o
 .debug_info    0x0000315b      0xce3 ./Drivers/STM32F4xx_HAL_Driver/Src/stm32f4xx_hal_adc.o
 .debug_info    0x00003e3e      0xb68 ./Drivers/STM32F4xx_HAL_Driver/Src/stm32f4xx_hal_adc_ex.o
 .debug_info    0x000049a6      0xd8c ./Drivers/STM32F4xx_HAL_Driver/Src/stm32f4xx_hal_cortex.o
 .debug_info    0x00005732      0xa01 ./Drivers/STM32F4xx_HAL_Driver/Src/stm32f4xx_hal_dac.o
 .debug_info    0x00006133      0x750 ./Drivers/STM32F4xx_HAL_Driver/Src/stm32f4xx_hal_dac_ex.o
 .debug_info    0x00006883      0x8e7 ./Drivers/STM32F4xx_HAL_Driver/Src/stm32f4xx_hal_dma.o
 .debug_info    0x0000716a      0x6c3 ./Drivers/STM32F4xx_HAL_Driver/Src/stm32f4xx_hal_gpio.o
 .debug_info    0x0000782d     0x156f ./Drivers/STM32F4xx_HAL_Driver/Src/stm32f4xx_hal_pcd.o
 .debug_info    0x00008d9c      0x6ea ./Drivers/STM32F4xx_HAL_Driver/Src/stm32f4xx_hal_pcd_ex.o
 .debug_info    0x00009486      0x8c3 ./Drivers/STM32F4xx_HAL_Driver/Src/stm32f4xx_hal_rcc.o
 .debug_info    0x00009d49     0x1993 ./Drivers/STM32F4xx_HAL_Driver/Src/stm32f4xx_ll_usb.o
 .debug_info    0x0000b6dc     0x12b1 ./Middlewares/ST/STM32_USB_Device_Library/Class/CDC/Src/usbd_cdc.o
 .debug_info    0x0000c98d      0xe12 ./Middlewares/ST/STM32_USB_Device_Library/Core/Src/usbd_core.o
 .debug_info    0x0000d79f      0xaeb ./Middlewares/ST/STM32_USB_Device_Library/Core/Src/usbd_ctlreq.o
 .debug_info    0x0000e28a      0x762 ./Middlewares/ST/STM32_USB_Device_Library/Core/Src/usbd_ioreq.o
 .debug_info    0x0000e9ec      0x70e ./USB_DEVICE/App/usb_device.o
 .debug_info    0x0000f0fa      0x907 ./USB_DEVICE/App/usbd_cdc_if.o
 .debug_info    0x0000fa01      0x458 ./USB_DEVICE/App/usbd_desc.o
 .debug_info    0x0000fe59     0x1c77 ./USB_DEVICE/Target/usbd_conf.o

.debug_abbrev   0x00000000     0x3705
 .debug_abbrev  0x00000000      0x29e ./Core/Src/main.o
 .debug_abbrev  0x0000029e      0x126 ./Core/Src/protocol.o
 .debug_abbrev  0x000003c4      0x1a5 ./Core/Src/stm32f4xx_hal_msp.o
 .debug_abbrev  0x00000569      0x1a4 ./Core/Src/stm32f4xx_it.o
 .debug_abbrev  0x0000070d      0x11a ./Core/Src/system_stm32f4xx.o
 .debug_abbrev  0x00000827       0x24 ./Core/Startup/startup_stm32f407vetx.o
 .debug_abbrev  0x0000084b      0x214 ./Drivers/STM32F4xx_HAL_Driver/Src/stm32f4xx_hal.o
 .debug_abbrev  0x00000a5f      0x252 ./Drivers/STM32F4xx_HAL_Driver/Src/stm32f4xx_hal_adc.o
 .debug_abbrev  0x00000cb1      0x270 ./Drivers/STM32F4xx_HAL_Driver/Src/stm32f4xx_hal_adc_ex.o
 .debug_abbrev  0x00000f21      0x31d ./Drivers/STM32F4xx_HAL_Driver/Src/stm32f4xx_hal_cortex.o
 .debug_abbrev  0x0000123e      0x1fa ./Drivers/STM32F4xx_HAL_Driver/Src/stm32f4xx_hal_dac.o
 .debug_abbrev  0x00001438      0x1ef ./Drivers/STM32F4xx_HAL_Driver/Src/stm32f4xx_hal_dac_ex.o
 .debug_abbrev  0x00001627      0x264 ./Drivers/STM32F4xx_HAL_Driver/Src/stm32f4xx_hal_dma.o
 .debug_abbrev  0x0000188b      0x1d4 ./Drivers/STM32F4xx_HAL_Driver/Src/stm32f4xx_hal_gpio.o
 .debug_abbrev  0x00001a5f      0x2b9 ./Drivers/STM32F4xx_HAL_Driver/Src/stm32f4xx_hal_pcd.o
 .debug_abbrev  0x00001d18      0x1da ./Drivers/STM32F4xx_HAL_Driver/Src/stm32f4xx_hal_pcd_ex.o
 .debug_abbrev  0x00001ef2      0x2b7 ./Drivers/STM32F4xx_HAL_Driver/Src/stm32f4xx_hal_rcc.o
 .debug_abbrev  0x000021a9      0x2b3 ./Drivers/STM32F4xx_HAL_Driver/Src/stm32f4xx_ll_usb.o
 .debug_abbrev  0x0000245c      0x2d2 ./Middlewares/ST/STM32_USB_Device_Library/Class/CDC/Src/usbd_cdc.o
 .debug_abbrev  0x0000272e      0x27c ./Middlewares/ST/STM32_USB_Device_Library/Core/Src/usbd_core.o
 .debug_abbrev  0x000029aa      0x26f ./Middlewares/ST/STM32_USB_Device_Library/Core/Src/usbd_ctlreq.o
 .debug_abbrev  0x00002c19      0x19a ./Middlewares/ST/STM32_USB_Device_Library/Core/Src/usbd_ioreq.o
 .debug_abbrev  0x00002db3      0x195 ./USB_DEVICE/App/usb_device.o
 .debug_abbrev  0x00002f48      0x29d ./USB_DEVICE/App/usbd_cdc_if.o
 .debug_abbrev  0x000031e5      0x1e1 ./USB_DEVICE/App/usbd_desc.o
 .debug_abbrev  0x000033c6      0x33f ./USB_DEVICE/Target/usbd_conf.o

.debug_aranges  0x00000000      0xf08
 .debug_aranges
                0x00000000       0x60 ./Core/Src/main.o
 .debug_aranges
                0x00000060       0x28 ./Core/Src/protocol.o
 .debug_aranges
                0x00000088       0x40 ./Core/Src/stm32f4xx_hal_msp.o
 .debug_aranges
                0x000000c8       0x68 ./Core/Src/stm32f4xx_it.o
 .debug_aranges
                0x00000130       0x28 ./Core/Src/system_stm32f4xx.o
 .debug_aranges
                0x00000158       0x28 ./Core/Startup/startup_stm32f407vetx.o
 .debug_aranges
                0x00000180       0xf0 ./Drivers/STM32F4xx_HAL_Driver/Src/stm32f4xx_hal.o
 .debug_aranges
                0x00000270       0xe8 ./Drivers/STM32F4xx_HAL_Driver/Src/stm32f4xx_hal_adc.o
 .debug_aranges
                0x00000358       0x90 ./Drivers/STM32F4xx_HAL_Driver/Src/stm32f4xx_hal_adc_ex.o
 .debug_aranges
                0x000003e8      0x130 ./Drivers/STM32F4xx_HAL_Driver/Src/stm32f4xx_hal_cortex.o
 .debug_aranges
                0x00000518       0xc0 ./Drivers/STM32F4xx_HAL_Driver/Src/stm32f4xx_hal_dac.o
 .debug_aranges
                0x000005d8       0x80 ./Drivers/STM32F4xx_HAL_Driver/Src/stm32f4xx_hal_dac_ex.o
 .debug_aranges
                0x00000658       0x90 ./Drivers/STM32F4xx_HAL_Driver/Src/stm32f4xx_hal_dma.o
 .debug_aranges
                0x000006e8       0x58 ./Drivers/STM32F4xx_HAL_Driver/Src/stm32f4xx_hal_gpio.o
 .debug_aranges
                0x00000740      0x148 ./Drivers/STM32F4xx_HAL_Driver/Src/stm32f4xx_hal_pcd.o
 .debug_aranges
                0x00000888       0x38 ./Drivers/STM32F4xx_HAL_Driver/Src/stm32f4xx_hal_pcd_ex.o
 .debug_aranges
                0x000008c0       0x88 ./Drivers/STM32F4xx_HAL_Driver/Src/stm32f4xx_hal_rcc.o
 .debug_aranges
                0x00000948      0x1a0 ./Drivers/STM32F4xx_HAL_Driver/Src/stm32f4xx_ll_usb.o
 .debug_aranges
                0x00000ae8       0x90 ./Middlewares/ST/STM32_USB_Device_Library/Class/CDC/Src/usbd_cdc.o
 .debug_aranges
                0x00000b78       0xd8 ./Middlewares/ST/STM32_USB_Device_Library/Core/Src/usbd_core.o
 .debug_aranges
                0x00000c50       0x90 ./Middlewares/ST/STM32_USB_Device_Library/Core/Src/usbd_ctlreq.o
 .debug_aranges
                0x00000ce0       0x50 ./Middlewares/ST/STM32_USB_Device_Library/Core/Src/usbd_ioreq.o
 .debug_aranges
                0x00000d30       0x20 ./USB_DEVICE/App/usb_device.o
 .debug_aranges
                0x00000d50       0x48 ./USB_DEVICE/App/usbd_cdc_if.o
 .debug_aranges
                0x00000d98       0x60 ./USB_DEVICE/App/usbd_desc.o
 .debug_aranges
                0x00000df8      0x110 ./USB_DEVICE/Target/usbd_conf.o

.debug_rnglists
                0x00000000      0xb2a
 .debug_rnglists
                0x00000000       0x48 ./Core/Src/main.o
 .debug_rnglists
                0x00000048       0x19 ./Core/Src/protocol.o
 .debug_rnglists
                0x00000061       0x2d ./Core/Src/stm32f4xx_hal_msp.o
 .debug_rnglists
                0x0000008e       0x49 ./Core/Src/stm32f4xx_it.o
 .debug_rnglists
                0x000000d7       0x1a ./Core/Src/system_stm32f4xx.o
 .debug_rnglists
                0x000000f1       0x19 ./Core/Startup/startup_stm32f407vetx.o
 .debug_rnglists
                0x0000010a       0xaf ./Drivers/STM32F4xx_HAL_Driver/Src/stm32f4xx_hal.o
 .debug_rnglists
                0x000001b9       0xb5 ./Drivers/STM32F4xx_HAL_Driver/Src/stm32f4xx_hal_adc.o
 .debug_rnglists
                0x0000026e       0x71 ./Drivers/STM32F4xx_HAL_Driver/Src/stm32f4xx_hal_adc_ex.o
 .debug_rnglists
                0x000002df       0xe0 ./Drivers/STM32F4xx_HAL_Driver/Src/stm32f4xx_hal_cortex.o
 .debug_rnglists
                0x000003bf       0x90 ./Drivers/STM32F4xx_HAL_Driver/Src/stm32f4xx_hal_dac.o
 .debug_rnglists
                0x0000044f       0x5c ./Drivers/STM32F4xx_HAL_Driver/Src/stm32f4xx_hal_dac_ex.o
 .debug_rnglists
                0x000004ab       0x70 ./Drivers/STM32F4xx_HAL_Driver/Src/stm32f4xx_hal_dma.o
 .debug_rnglists
                0x0000051b       0x3f ./Drivers/STM32F4xx_HAL_Driver/Src/stm32f4xx_hal_gpio.o
 .debug_rnglists
                0x0000055a       0xfa ./Drivers/STM32F4xx_HAL_Driver/Src/stm32f4xx_hal_pcd.o
 .debug_rnglists
                0x00000654       0x26 ./Drivers/STM32F4xx_HAL_Driver/Src/stm32f4xx_hal_pcd_ex.o
 .debug_rnglists
                0x0000067a       0x66 ./Drivers/STM32F4xx_HAL_Driver/Src/stm32f4xx_hal_rcc.o
 .debug_rnglists
                0x000006e0      0x147 ./Drivers/STM32F4xx_HAL_Driver/Src/stm32f4xx_ll_usb.o
 .debug_rnglists
                0x00000827       0x6c ./Middlewares/ST/STM32_USB_Device_Library/Class/CDC/Src/usbd_cdc.o
 .debug_rnglists
                0x00000893       0xa1 ./Middlewares/ST/STM32_USB_Device_Library/Core/Src/usbd_core.o
 .debug_rnglists
                0x00000934       0x6e ./Middlewares/ST/STM32_USB_Device_Library/Core/Src/usbd_ctlreq.o
 .debug_rnglists
                0x000009a2       0x37 ./Middlewares/ST/STM32_USB_Device_Library/Core/Src/usbd_ioreq.o
 .debug_rnglists
                0x000009d9       0x13 ./USB_DEVICE/App/usb_device.o
 .debug_rnglists
                0x000009ec       0x32 ./USB_DEVICE/App/usbd_cdc_if.o
 .debug_rnglists
                0x00000a1e       0x43 ./USB_DEVICE/App/usbd_desc.o
 .debug_rnglists
                0x00000a61       0xc9 ./USB_DEVICE/Target/usbd_conf.o

.debug_macro    0x00000000    0x24e17
 .debug_macro   0x00000000      0x3a0 ./Core/Src/main.o
 .debug_macro   0x000003a0      0xad8 ./Core/Src/main.o
 .debug_macro   0x00000e78      0x2a1 ./Core/Src/main.o
 .debug_macro   0x00001119       0x2e ./Core/Src/main.o
 .debug_macro   0x00001147       0x2f ./Core/Src/main.o
 .debug_macro   0x00001176       0x22 ./Core/Src/main.o
 .debug_macro   0x00001198       0x8e ./Core/Src/main.o
 .debug_macro   0x00001226       0x51 ./Core/Src/main.o
 .debug_macro   0x00001277      0x103 ./Core/Src/main.o
 .debug_macro   0x0000137a       0x6a ./Core/Src/main.o
 .debug_macro   0x000013e4      0x1df ./Core/Src/main.o
 .debug_macro   0x000015c3       0x1c ./Core/Src/main.o
 .debug_macro   0x000015df       0x22 ./Core/Src/main.o
 .debug_macro   0x00001601       0xfb ./Core/Src/main.o
 .debug_macro   0x000016fc     0x1011 ./Core/Src/main.o
 .debug_macro   0x0000270d      0x11f ./Core/Src/main.o
 .debug_macro   0x0000282c    0x15ea5 ./Core/Src/main.o
 .debug_macro   0x000186d1       0x6d ./Core/Src/main.o
 .debug_macro   0x0001873e     0x3693 ./Core/Src/main.o
 .debug_macro   0x0001bdd1      0x190 ./Core/Src/main.o
 .debug_macro   0x0001bf61       0x5c ./Core/Src/main.o
 .debug_macro   0x0001bfbd      0x980 ./Core/Src/main.o
 .debug_macro   0x0001c93d      0x9e9 ./Core/Src/main.o
 .debug_macro   0x0001d326      0x115 ./Core/Src/main.o
 .debug_macro   0x0001d43b      0x13e ./Core/Src/main.o
 .debug_macro   0x0001d579       0xa5 ./Core/Src/main.o
 .debug_macro   0x0001d61e      0x174 ./Core/Src/main.o
 .debug_macro   0x0001d792      0x287 ./Core/Src/main.o
 .debug_macro   0x0001da19       0x5f ./Core/Src/main.o
 .debug_macro   0x0001da78      0x236 ./Core/Src/main.o
 .debug_macro   0x0001dcae      0xb5b ./Core/Src/main.o
 .debug_macro   0x0001e809      0x38b ./Core/Src/main.o
 .debug_macro   0x0001eb94      0x176 ./Core/Src/main.o
 .debug_macro   0x0001ed0a       0xf9 ./Core/Src/main.o
 .debug_macro   0x0001ee03      0x122 ./Core/Src/main.o
 .debug_macro   0x0001ef25       0xa6 ./Core/Src/main.o
 .debug_macro   0x0001efcb      0x12c ./Core/Src/main.o
 .debug_macro   0x0001f0f7      0x21e ./Core/Src/main.o
 .debug_macro   0x0001f315       0x2e ./Core/Src/main.o
 .debug_macro   0x0001f343      0x127 ./Core/Src/main.o
 .debug_macro   0x0001f46a       0x7e ./Core/Src/main.o
 .debug_macro   0x0001f4e8       0x89 ./Core/Src/main.o
 .debug_macro   0x0001f571      0x293 ./Core/Src/main.o
 .debug_macro   0x0001f804       0xba ./Core/Src/main.o
 .debug_macro   0x0001f8be      0x12d ./Core/Src/main.o
 .debug_macro   0x0001f9eb       0x61 ./Core/Src/main.o
 .debug_macro   0x0001fa4c       0x2a ./Core/Src/main.o
 .debug_macro   0x0001fa76       0x43 ./Core/Src/main.o
 .debug_macro   0x0001fab9       0x34 ./Core/Src/main.o
 .debug_macro   0x0001faed       0x16 ./Core/Src/main.o
 .debug_macro   0x0001fb03       0x3c ./Core/Src/main.o
 .debug_macro   0x0001fb3f      0x370 ./Core/Src/main.o
 .debug_macro   0x0001feaf       0x10 ./Core/Src/main.o
 .debug_macro   0x0001febf       0x16 ./Core/Src/main.o
 .debug_macro   0x0001fed5       0x4a ./Core/Src/main.o
 .debug_macro   0x0001ff1f       0x34 ./Core/Src/main.o
 .debug_macro   0x0001ff53       0x10 ./Core/Src/main.o
 .debug_macro   0x0001ff63       0x58 ./Core/Src/main.o
 .debug_macro   0x0001ffbb       0x8e ./Core/Src/main.o
 .debug_macro   0x00020049       0x1c ./Core/Src/main.o
 .debug_macro   0x00020065      0x185 ./Core/Src/main.o
 .debug_macro   0x000201ea       0x16 ./Core/Src/main.o
 .debug_macro   0x00020200       0x16 ./Core/Src/main.o
 .debug_macro   0x00020216      0x146 ./Core/Src/main.o
 .debug_macro   0x0002035c       0x16 ./Core/Src/main.o
 .debug_macro   0x00020372       0x16 ./Core/Src/main.o
 .debug_macro   0x00020388       0x29 ./Core/Src/main.o
 .debug_macro   0x000203b1       0x16 ./Core/Src/main.o
 .debug_macro   0x000203c7       0x20 ./Core/Src/main.o
 .debug_macro   0x000203e7       0x65 ./Core/Src/main.o
 .debug_macro   0x0002044c      0x20f ./Core/Src/main.o
 .debug_macro   0x0002065b       0x16 ./Core/Src/main.o
 .debug_macro   0x00020671      0x19b ./Core/Src/main.o
 .debug_macro   0x0002080c      0x3c9 ./Core/Src/protocol.o
 .debug_macro   0x00020bd5       0x10 ./Core/Src/protocol.o
 .debug_macro   0x00020be5       0x9e ./Core/Src/protocol.o
 .debug_macro   0x00020c83      0x112 ./Core/Src/protocol.o
 .debug_macro   0x00020d95       0x56 ./Core/Src/protocol.o
 .debug_macro   0x00020deb       0x95 ./Core/Src/protocol.o
 .debug_macro   0x00020e80       0x10 ./Core/Src/protocol.o
 .debug_macro   0x00020e90      0x21a ./Core/Src/stm32f4xx_hal_msp.o
 .debug_macro   0x000210aa      0x224 ./Core/Src/stm32f4xx_it.o
 .debug_macro   0x000212ce      0x210 ./Core/Src/system_stm32f4xx.o
 .debug_macro   0x000214de      0x270 ./Drivers/STM32F4xx_HAL_Driver/Src/stm32f4xx_hal.o
 .debug_macro   0x0002174e      0x211 ./Drivers/STM32F4xx_HAL_Driver/Src/stm32f4xx_hal_adc.o
 .debug_macro   0x0002195f      0x210 ./Drivers/STM32F4xx_HAL_Driver/Src/stm32f4xx_hal_adc_ex.o
 .debug_macro   0x00021b6f      0x210 ./Drivers/STM32F4xx_HAL_Driver/Src/stm32f4xx_hal_cortex.o
 .debug_macro   0x00021d7f      0x211 ./Drivers/STM32F4xx_HAL_Driver/Src/stm32f4xx_hal_dac.o
 .debug_macro   0x00021f90      0x210 ./Drivers/STM32F4xx_HAL_Driver/Src/stm32f4xx_hal_dac_ex.o
 .debug_macro   0x000221a0      0x216 ./Drivers/STM32F4xx_HAL_Driver/Src/stm32f4xx_hal_dma.o
 .debug_macro   0x000223b6      0x216 ./Drivers/STM32F4xx_HAL_Driver/Src/stm32f4xx_hal_gpio.o
 .debug_macro   0x000225cc      0x21c ./Drivers/STM32F4xx_HAL_Driver/Src/stm32f4xx_hal_pcd.o
 .debug_macro   0x000227e8      0x210 ./Drivers/STM32F4xx_HAL_Driver/Src/stm32f4xx_hal_pcd_ex.o
 .debug_macro   0x000229f8      0x234 ./Drivers/STM32F4xx_HAL_Driver/Src/stm32f4xx_hal_rcc.o
 .debug_macro   0x00022c2c      0x210 ./Drivers/STM32F4xx_HAL_Driver/Src/stm32f4xx_ll_usb.o
 .debug_macro   0x00022e3c      0x3a9 ./Middlewares/ST/STM32_USB_Device_Library/Class/CDC/Src/usbd_cdc.o
 .debug_macro   0x000231e5      0x390 ./Middlewares/ST/STM32_USB_Device_Library/Core/Src/usbd_core.o
 .debug_macro   0x00023575      0x215 ./Middlewares/ST/STM32_USB_Device_Library/Core/Src/usbd_core.o
 .debug_macro   0x0002378a      0x39a ./Middlewares/ST/STM32_USB_Device_Library/Core/Src/usbd_ctlreq.o
 .debug_macro   0x00023b24      0x396 ./Middlewares/ST/STM32_USB_Device_Library/Core/Src/usbd_ioreq.o
 .debug_macro   0x00023eba      0x3cf ./USB_DEVICE/App/usb_device.o
 .debug_macro   0x00024289       0x22 ./USB_DEVICE/App/usb_device.o
 .debug_macro   0x000242ab       0x16 ./USB_DEVICE/App/usb_device.o
 .debug_macro   0x000242c1      0x3b4 ./USB_DEVICE/App/usbd_cdc_if.o
 .debug_macro   0x00024675      0x3d3 ./USB_DEVICE/App/usbd_desc.o
 .debug_macro   0x00024a48       0x1c ./USB_DEVICE/App/usbd_desc.o
 .debug_macro   0x00024a64      0x3b3 ./USB_DEVICE/Target/usbd_conf.o

.debug_line     0x00000000    0x15924
 .debug_line    0x00000000      0xd0a ./Core/Src/main.o
 .debug_line    0x00000d0a      0xb9e ./Core/Src/protocol.o
 .debug_line    0x000018a8      0x86a ./Core/Src/stm32f4xx_hal_msp.o
 .debug_line    0x00002112      0x877 ./Core/Src/stm32f4xx_it.o
 .debug_line    0x00002989      0x826 ./Core/Src/system_stm32f4xx.o